Archive member included to satisfy reference by file (symbol)

c:/vsarm/armcc/bin/../lib/gcc/arm-none-eabi/8.2.1/../../../../arm-none-eabi/lib/thumb/v7e-m+fp/hard\libc_nano.a(lib_a-exit.o)
                              c:/vsarm/armcc/bin/../lib/gcc/arm-none-eabi/8.2.1/../../../../arm-none-eabi/lib/thumb/v7e-m+fp/hard/crt0.o (exit)
c:/vsarm/armcc/bin/../lib/gcc/arm-none-eabi/8.2.1/../../../../arm-none-eabi/lib/thumb/v7e-m+fp/hard\libc_nano.a(lib_a-impure.o)
                              c:/vsarm/armcc/bin/../lib/gcc/arm-none-eabi/8.2.1/../../../../arm-none-eabi/lib/thumb/v7e-m+fp/hard\libc_nano.a(lib_a-exit.o) (_global_impure_ptr)
c:/vsarm/armcc/bin/../lib/gcc/arm-none-eabi/8.2.1/../../../../arm-none-eabi/lib/thumb/v7e-m+fp/hard\libc_nano.a(lib_a-init.o)
                              c:/vsarm/armcc/bin/../lib/gcc/arm-none-eabi/8.2.1/../../../../arm-none-eabi/lib/thumb/v7e-m+fp/hard/crt0.o (__libc_init_array)
c:/vsarm/armcc/bin/../lib/gcc/arm-none-eabi/8.2.1/../../../../arm-none-eabi/lib/thumb/v7e-m+fp/hard\libc_nano.a(lib_a-memset.o)
                              c:/vsarm/armcc/bin/../lib/gcc/arm-none-eabi/8.2.1/../../../../arm-none-eabi/lib/thumb/v7e-m+fp/hard/crt0.o (memset)
c:/vsarm/armcc/bin/../lib/gcc/arm-none-eabi/8.2.1/../../../../arm-none-eabi/lib/thumb/v7e-m+fp/hard\libnosys.a(_exit.o)
                              c:/vsarm/armcc/bin/../lib/gcc/arm-none-eabi/8.2.1/../../../../arm-none-eabi/lib/thumb/v7e-m+fp/hard\libc_nano.a(lib_a-exit.o) (_exit)

Allocating common symbols
Common symbol       size              file

uwTick              0x4               build/stm32f3xx_hal.o
pFlash              0x20              build/stm32f3xx_hal_flash.o
htim2               0x40              build/tim.o

Discarded input sections

 .text          0x00000000        0x0 c:/vsarm/armcc/bin/../lib/gcc/arm-none-eabi/8.2.1/thumb/v7e-m+fp/hard/crti.o
 .data          0x00000000        0x0 c:/vsarm/armcc/bin/../lib/gcc/arm-none-eabi/8.2.1/thumb/v7e-m+fp/hard/crti.o
 .bss           0x00000000        0x0 c:/vsarm/armcc/bin/../lib/gcc/arm-none-eabi/8.2.1/thumb/v7e-m+fp/hard/crti.o
 .data          0x00000000        0x4 c:/vsarm/armcc/bin/../lib/gcc/arm-none-eabi/8.2.1/thumb/v7e-m+fp/hard/crtbegin.o
 .text          0x00000000       0x74 c:/vsarm/armcc/bin/../lib/gcc/arm-none-eabi/8.2.1/../../../../arm-none-eabi/lib/thumb/v7e-m+fp/hard/crt0.o
 .data          0x00000000        0x0 c:/vsarm/armcc/bin/../lib/gcc/arm-none-eabi/8.2.1/../../../../arm-none-eabi/lib/thumb/v7e-m+fp/hard/crt0.o
 .bss           0x00000000        0x0 c:/vsarm/armcc/bin/../lib/gcc/arm-none-eabi/8.2.1/../../../../arm-none-eabi/lib/thumb/v7e-m+fp/hard/crt0.o
 .ARM.extab     0x00000000        0x0 c:/vsarm/armcc/bin/../lib/gcc/arm-none-eabi/8.2.1/../../../../arm-none-eabi/lib/thumb/v7e-m+fp/hard/crt0.o
 .ARM.exidx     0x00000000        0x8 c:/vsarm/armcc/bin/../lib/gcc/arm-none-eabi/8.2.1/../../../../arm-none-eabi/lib/thumb/v7e-m+fp/hard/crt0.o
 .ARM.attributes
                0x00000000       0x1c c:/vsarm/armcc/bin/../lib/gcc/arm-none-eabi/8.2.1/../../../../arm-none-eabi/lib/thumb/v7e-m+fp/hard/crt0.o
 .text          0x00000000        0x0 build/main.o
 .data          0x00000000        0x0 build/main.o
 .bss           0x00000000        0x0 build/main.o
 .text          0x00000000        0x0 build/gpio.o
 .data          0x00000000        0x0 build/gpio.o
 .bss           0x00000000        0x0 build/gpio.o
 .text          0x00000000        0x0 build/stm32f3xx_it.o
 .data          0x00000000        0x0 build/stm32f3xx_it.o
 .bss           0x00000000        0x0 build/stm32f3xx_it.o
 .text          0x00000000        0x0 build/stm32f3xx_hal_msp.o
 .data          0x00000000        0x0 build/stm32f3xx_hal_msp.o
 .bss           0x00000000        0x0 build/stm32f3xx_hal_msp.o
 .text          0x00000000        0x0 build/stm32f3xx_hal_tim.o
 .data          0x00000000        0x0 build/stm32f3xx_hal_tim.o
 .bss           0x00000000        0x0 build/stm32f3xx_hal_tim.o
 .text.TIM_TI1_ConfigInputStage
                0x00000000       0x26 build/stm32f3xx_hal_tim.o
 .text.TIM_TI2_SetConfig
                0x00000000       0x34 build/stm32f3xx_hal_tim.o
 .text.TIM_TI2_ConfigInputStage
                0x00000000       0x28 build/stm32f3xx_hal_tim.o
 .text.TIM_TI3_SetConfig
                0x00000000       0x32 build/stm32f3xx_hal_tim.o
 .text.TIM_TI4_SetConfig
                0x00000000       0x34 build/stm32f3xx_hal_tim.o
 .text.TIM_ITRx_SetConfig
                0x00000000       0x10 build/stm32f3xx_hal_tim.o
 .text.HAL_TIM_Base_MspInit
                0x00000000        0x2 build/stm32f3xx_hal_tim.o
 .text.HAL_TIM_Base_MspDeInit
                0x00000000        0x2 build/stm32f3xx_hal_tim.o
 .text.HAL_TIM_Base_DeInit
                0x00000000       0x3a build/stm32f3xx_hal_tim.o
 .text.HAL_TIM_Base_Start
                0x00000000       0x1a build/stm32f3xx_hal_tim.o
 .text.HAL_TIM_Base_Stop
                0x00000000       0x2e build/stm32f3xx_hal_tim.o
[...]
Memory Configuration

Name             Origin             Length             Attributes
RAM              0x20000000         0x00010000         xrw
CCMRAM           0x10000000         0x00004000         rw
FLASH            0x08000000         0x00080000         xr
*default*        0x00000000         0xffffffff

Linker script and memory map

LOAD c:/vsarm/armcc/bin/../lib/gcc/arm-none-eabi/8.2.1/thumb/v7e-m+fp/hard/crti.o
LOAD c:/vsarm/armcc/bin/../lib/gcc/arm-none-eabi/8.2.1/thumb/v7e-m+fp/hard/crtbegin.o
LOAD c:/vsarm/armcc/bin/../lib/gcc/arm-none-eabi/8.2.1/../../../../arm-none-eabi/lib/thumb/v7e-m+fp/hard/crt0.o
LOAD build/main.o
LOAD build/gpio.o
LOAD build/stm32f3xx_it.o
LOAD build/stm32f3xx_hal_msp.o
LOAD build/stm32f3xx_hal_tim.o
LOAD build/stm32f3xx_hal_tim_ex.o
LOAD build/stm32f3xx_hal.o
LOAD build/stm32f3xx_hal_rcc.o
LOAD build/stm32f3xx_hal_rcc_ex.o
LOAD build/stm32f3xx_hal_gpio.o
LOAD build/stm32f3xx_hal_dma.o
LOAD build/stm32f3xx_hal_cortex.o
LOAD build/stm32f3xx_hal_pwr.o
LOAD build/stm32f3xx_hal_pwr_ex.o
LOAD build/stm32f3xx_hal_flash.o
LOAD build/stm32f3xx_hal_flash_ex.o
LOAD build/stm32f3xx_hal_i2c.o
LOAD build/stm32f3xx_hal_i2c_ex.o
LOAD build/system_stm32f3xx.o
LOAD build/tim.o
LOAD build/startup_stm32f303xe.o
LOAD c:/vsarm/armcc/bin/../lib/gcc/arm-none-eabi/8.2.1/../../../../arm-none-eabi/lib/thumb/v7e-m+fp/hard\libc_nano.a
LOAD c:/vsarm/armcc/bin/../lib/gcc/arm-none-eabi/8.2.1/../../../../arm-none-eabi/lib/thumb/v7e-m+fp/hard\libm.a
LOAD c:/vsarm/armcc/bin/../lib/gcc/arm-none-eabi/8.2.1/../../../../arm-none-eabi/lib/thumb/v7e-m+fp/hard\libnosys.a
START GROUP
LOAD c:/vsarm/armcc/bin/../lib/gcc/arm-none-eabi/8.2.1/thumb/v7e-m+fp/hard\libgcc.a
LOAD c:/vsarm/armcc/bin/../lib/gcc/arm-none-eabi/8.2.1/../../../../arm-none-eabi/lib/thumb/v7e-m+fp/hard\libc_nano.a
END GROUP
START GROUP
LOAD c:/vsarm/armcc/bin/../lib/gcc/arm-none-eabi/8.2.1/thumb/v7e-m+fp/hard\libgcc.a
LOAD c:/vsarm/armcc/bin/../lib/gcc/arm-none-eabi/8.2.1/../../../../arm-none-eabi/lib/thumb/v7e-m+fp/hard\libc_nano.a
END GROUP
LOAD c:/vsarm/armcc/bin/../lib/gcc/arm-none-eabi/8.2.1/thumb/v7e-m+fp/hard/crtend.o
LOAD c:/vsarm/armcc/bin/../lib/gcc/arm-none-eabi/8.2.1/thumb/v7e-m+fp/hard/crtn.o
                0x20010000                _estack = 0x20010000
                0x00000200                _Min_Heap_Size = 0x200
                0x00000400                _Min_Stack_Size = 0x400

.isr_vector     0x08000000      0x194
                0x08000000                . = ALIGN (0x4)
 *(.isr_vector)
 .isr_vector    0x08000000      0x194 build/startup_stm32f303xe.o
                0x08000000                g_pfnVectors
                0x08000194                . = ALIGN (0x4)

.text           0x08000194     0x1894
                0x08000194                . = ALIGN (0x4)
 *(.text)
 .text          0x08000194       0x40 c:/vsarm/armcc/bin/../lib/gcc/arm-none-eabi/8.2.1/thumb/v7e-m+fp/hard/crtbegin.o
 *(.text*)
 .text.SystemClock_Config
                0x080001d4       0x5c build/main.o
                0x080001d4                SystemClock_Config
 .text.main     0x08000230       0x34 build/main.o
                0x08000230                main
 .text.Error_Handler
                0x08000264        0x2 build/main.o
                0x08000264                Error_Handler
 *fill*         0x08000266        0x2 
 .text.MX_GPIO_Init
                0x08000268       0xc4 build/gpio.o
                0x08000268                MX_GPIO_Init
 .text.NMI_Handler
                0x0800032c        0x2 build/stm32f3xx_it.o
                0x0800032c                NMI_Handler
 .text.HardFault_Handler
                0x0800032e        0x2 build/stm32f3xx_it.o
                0x0800032e                HardFault_Handler
 .text.MemManage_Handler
                0x08000330        0x2 build/stm32f3xx_it.o
                0x08000330                MemManage_Handler
 .text.BusFault_Handler
                0x08000332        0x2 build/stm32f3xx_it.o
                0x08000332                BusFault_Handler
 .text.UsageFault_Handler
                0x08000334        0x2 build/stm32f3xx_it.o
                0x08000334                UsageFault_Handler
 .text.SVC_Handler
                0x08000336        0x2 build/stm32f3xx_it.o
                0x08000336                SVC_Handler
 .text.DebugMon_Handler
                0x08000338        0x2 build/stm32f3xx_it.o
                0x08000338                DebugMon_Handler
 .text.PendSV_Handler
                0x0800033a        0x2 build/stm32f3xx_it.o
                0x0800033a                PendSV_Handler
 .text.SysTick_Handler
                0x0800033c        0x8 build/stm32f3xx_it.o
                0x0800033c                SysTick_Handler
 .text.HAL_MspInit
                0x08000344       0x30 build/stm32f3xx_hal_msp.o
                0x08000344                HAL_MspInit
 .text.TIM_Base_SetConfig
                0x08000374       0xd0 build/stm32f3xx_hal_tim.o
                0x08000374                TIM_Base_SetConfig
 .text.HAL_TIM_PWM_Init
                0x08000444       0x34 build/stm32f3xx_hal_tim.o
                0x08000444                HAL_TIM_PWM_Init
 .text.TIM_OC1_SetConfig
                0x08000478       0xac build/stm32f3xx_hal_tim.o
                0x08000478                TIM_OC1_SetConfig
 .text.TIM_OC2_SetConfig
                0x08000524       0x9c build/stm32f3xx_hal_tim.o
                0x08000524                TIM_OC2_SetConfig
 .text.TIM_OC3_SetConfig
                0x080005c0       0x9c build/stm32f3xx_hal_tim.o
                0x080005c0                TIM_OC3_SetConfig
 .text.TIM_OC4_SetConfig
                0x0800065c       0x74 build/stm32f3xx_hal_tim.o
                0x0800065c                TIM_OC4_SetConfig
 .text.TIM_CCxChannelCmd
                0x080006d0       0x1e build/stm32f3xx_hal_tim.o
                0x080006d0                TIM_CCxChannelCmd
 *fill*         0x080006ee        0x2 
 .text.HAL_TIM_PWM_Start
                0x080006f0       0x58 build/stm32f3xx_hal_tim.o
                0x080006f0                HAL_TIM_PWM_Start
 .text.TIM_OC5_SetConfig
                0x08000748       0x70 build/stm32f3xx_hal_tim_ex.o
 .text.TIM_OC6_SetConfig
                0x080007b8       0x74 build/stm32f3xx_hal_tim_ex.o
 .text.HAL_TIM_PWM_ConfigChannel
                0x0800082c      0x134 build/stm32f3xx_hal_tim_ex.o
                0x0800082c                HAL_TIM_PWM_ConfigChannel
 .text.HAL_TIMEx_MasterConfigSynchronization
                0x08000960       0x60 build/stm32f3xx_hal_tim_ex.o
                0x08000960                HAL_TIMEx_MasterConfigSynchronization
 .text.HAL_InitTick
                0x080009c0       0x4c build/stm32f3xx_hal.o
                0x080009c0                HAL_InitTick
 .text.HAL_Init
                0x08000a0c       0x24 build/stm32f3xx_hal.o
                0x08000a0c                HAL_Init
 .text.HAL_IncTick
                0x08000a30       0x18 build/stm32f3xx_hal.o
                0x08000a30                HAL_IncTick
 .text.HAL_GetTick
                0x08000a48        0xc build/stm32f3xx_hal.o
                0x08000a48                HAL_GetTick
 .text.HAL_Delay
                0x08000a54       0x28 build/stm32f3xx_hal.o
                0x08000a54                HAL_Delay
 .text.HAL_RCC_OscConfig
                0x08000a7c      0x608 build/stm32f3xx_hal_rcc.o
                0x08000a7c                HAL_RCC_OscConfig
 .text.HAL_RCC_GetSysClockFreq
                0x08001084       0x70 build/stm32f3xx_hal_rcc.o
                0x08001084                HAL_RCC_GetSysClockFreq
 .text.HAL_RCC_ClockConfig
                0x080010f4      0x1a0 build/stm32f3xx_hal_rcc.o
                0x080010f4                HAL_RCC_ClockConfig
 .text.HAL_RCCEx_PeriphCLKConfig
                0x08001294      0x2fc build/stm32f3xx_hal_rcc_ex.o
                0x08001294                HAL_RCCEx_PeriphCLKConfig
 .text.HAL_GPIO_Init
                0x08001590      0x1ac build/stm32f3xx_hal_gpio.o
                0x08001590                HAL_GPIO_Init
 .text.HAL_GPIO_WritePin
                0x0800173c        0xa build/stm32f3xx_hal_gpio.o
                0x0800173c                HAL_GPIO_WritePin
 .text.HAL_GPIO_TogglePin
                0x08001746        0x8 build/stm32f3xx_hal_gpio.o
                0x08001746                HAL_GPIO_TogglePin
 *fill*         0x0800174e        0x2 
 .text.HAL_NVIC_SetPriorityGrouping
                0x08001750       0x24 build/stm32f3xx_hal_cortex.o
                0x08001750                HAL_NVIC_SetPriorityGrouping
 .text.HAL_NVIC_SetPriority
                0x08001774       0x68 build/stm32f3xx_hal_cortex.o
                0x08001774                HAL_NVIC_SetPriority
 .text.HAL_SYSTICK_Config
                0x080017dc       0x2c build/stm32f3xx_hal_cortex.o
                0x080017dc                HAL_SYSTICK_Config
 .text.SystemInit
                0x08001808       0x68 build/system_stm32f3xx.o
                0x08001808                SystemInit
 .text.HAL_TIM_PWM_MspInit
                0x08001870       0x26 build/tim.o
                0x08001870                HAL_TIM_PWM_MspInit
 .text.HAL_TIM_MspPostInit
                0x08001896       0x4e build/tim.o
                0x08001896                HAL_TIM_MspPostInit
 .text.MX_TIM2_Init
                0x080018e4       0x80 build/tim.o
                0x080018e4                MX_TIM2_Init
 .text.Reset_Handler
                0x08001964       0x50 build/startup_stm32f303xe.o
                0x08001964                Reset_Handler
 .text.Default_Handler
                0x080019b4        0x2 build/startup_stm32f303xe.o
                0x080019b4                RTC_Alarm_IRQHandler
                0x080019b4                TIM8_TRG_COM_IRQHandler
                0x080019b4                TIM8_CC_IRQHandler
                0x080019b4                SPI4_IRQHandler
                0x080019b4                TIM1_CC_IRQHandler
                0x080019b4                USB_HP_IRQHandler
                0x080019b4                PVD_IRQHandler
                0x080019b4                TAMP_STAMP_IRQHandler
                0x080019b4                EXTI3_IRQHandler
                0x080019b4                I2C3_ER_IRQHandler
                0x080019b4                USB_HP_CAN_TX_IRQHandler
                0x080019b4                EXTI0_IRQHandler
                0x080019b4                I2C2_EV_IRQHandler
                0x080019b4                FPU_IRQHandler
                0x080019b4                TIM1_UP_TIM16_IRQHandler
                0x080019b4                ADC1_2_IRQHandler
                0x080019b4                SPI1_IRQHandler
                0x080019b4                CAN_SCE_IRQHandler
                0x080019b4                TIM6_DAC_IRQHandler
                0x080019b4                TIM8_UP_IRQHandler
                0x080019b4                DMA2_Channel2_IRQHandler
                0x080019b4                DMA1_Channel4_IRQHandler
                0x080019b4                TIM20_TRG_COM_IRQHandler
                0x080019b4                USART3_IRQHandler
                0x080019b4                DMA1_Channel7_IRQHandler
                0x080019b4                UART5_IRQHandler
                0x080019b4                ADC3_IRQHandler
                0x080019b4                TIM4_IRQHandler
                0x080019b4                CAN_RX1_IRQHandler
                0x080019b4                DMA2_Channel1_IRQHandler
                0x080019b4                I2C1_EV_IRQHandler
                0x080019b4                DMA1_Channel6_IRQHandler
                0x080019b4                UART4_IRQHandler
                0x080019b4                DMA2_Channel4_IRQHandler
                0x080019b4                TIM3_IRQHandler
                0x080019b4                RCC_IRQHandler
                0x080019b4                TIM20_UP_IRQHandler
                0x080019b4                DMA1_Channel1_IRQHandler
                0x080019b4                Default_Handler
                0x080019b4                USBWakeUp_RMP_IRQHandler
                0x080019b4                EXTI15_10_IRQHandler
                0x080019b4                TIM7_IRQHandler
                0x080019b4                I2C3_EV_IRQHandler
                0x080019b4                EXTI9_5_IRQHandler
                0x080019b4                RTC_WKUP_IRQHandler
                0x080019b4                SPI2_IRQHandler
                0x080019b4                USB_LP_CAN_RX0_IRQHandler
                0x080019b4                DMA2_Channel5_IRQHandler
                0x080019b4                DMA1_Channel5_IRQHandler
                0x080019b4                USB_LP_IRQHandler
                0x080019b4                EXTI4_IRQHandler
                0x080019b4                TIM1_TRG_COM_TIM17_IRQHandler
                0x080019b4                DMA1_Channel3_IRQHandler
                0x080019b4                ADC4_IRQHandler
                0x080019b4                WWDG_IRQHandler
                0x080019b4                TIM2_IRQHandler
                0x080019b4                COMP7_IRQHandler
                0x080019b4                COMP1_2_3_IRQHandler
                0x080019b4                EXTI1_IRQHandler
                0x080019b4                USART2_IRQHandler
                0x080019b4                COMP4_5_6_IRQHandler
                0x080019b4                TIM20_BRK_IRQHandler
                0x080019b4                I2C2_ER_IRQHandler
                0x080019b4                DMA1_Channel2_IRQHandler
                0x080019b4                TIM8_BRK_IRQHandler
                0x080019b4                FLASH_IRQHandler
                0x080019b4                TIM20_CC_IRQHandler
                0x080019b4                USART1_IRQHandler
                0x080019b4                SPI3_IRQHandler
                0x080019b4                I2C1_ER_IRQHandler
                0x080019b4                FMC_IRQHandler
                0x080019b4                USBWakeUp_IRQHandler
                0x080019b4                DMA2_Channel3_IRQHandler
                0x080019b4                EXTI2_TSC_IRQHandler
                0x080019b4                TIM1_BRK_TIM15_IRQHandler
 *fill*         0x080019b6        0x2 
 .text.__libc_init_array
                0x080019b8       0x48 c:/vsarm/armcc/bin/../lib/gcc/arm-none-eabi/8.2.1/../../../../arm-none-eabi/lib/thumb/v7e-m+fp/hard\libc_nano.a(lib_a-init.o)
                0x080019b8                __libc_init_array
 .text.memset   0x08001a00       0x10 c:/vsarm/armcc/bin/../lib/gcc/arm-none-eabi/8.2.1/../../../../arm-none-eabi/lib/thumb/v7e-m+fp/hard\libc_nano.a(lib_a-memset.o)
                0x08001a00                memset
 *(.glue_7)
 .glue_7        0x08001a10        0x0 linker stubs
 *(.glue_7t)
 .glue_7t       0x08001a10        0x0 linker stubs
 *(.eh_frame)
 .eh_frame      0x08001a10        0x0 c:/vsarm/armcc/bin/../lib/gcc/arm-none-eabi/8.2.1/thumb/v7e-m+fp/hard/crtbegin.o
 *(.init)
 .init          0x08001a10        0x4 c:/vsarm/armcc/bin/../lib/gcc/arm-none-eabi/8.2.1/thumb/v7e-m+fp/hard/crti.o
                0x08001a10                _init
 .init          0x08001a14        0x8 c:/vsarm/armcc/bin/../lib/gcc/arm-none-eabi/8.2.1/thumb/v7e-m+fp/hard/crtn.o
 *(.fini)
 .fini          0x08001a1c        0x4 c:/vsarm/armcc/bin/../lib/gcc/arm-none-eabi/8.2.1/thumb/v7e-m+fp/hard/crti.o
                0x08001a1c                _fini
 .fini          0x08001a20        0x8 c:/vsarm/armcc/bin/../lib/gcc/arm-none-eabi/8.2.1/thumb/v7e-m+fp/hard/crtn.o
                0x08001a28                . = ALIGN (0x4)
                0x08001a28                _etext = .

.vfp11_veneer   0x08001a28        0x0
 .vfp11_veneer  0x08001a28        0x0 linker stubs

.v4_bx          0x08001a28        0x0
 .v4_bx         0x08001a28        0x0 linker stubs

.iplt           0x08001a28        0x0
 .iplt          0x08001a28        0x0 c:/vsarm/armcc/bin/../lib/gcc/arm-none-eabi/8.2.1/thumb/v7e-m+fp/hard/crtbegin.o

.rodata         0x08001a28       0x30
                0x08001a28                . = ALIGN (0x4)
 *(.rodata)
 *(.rodata*)
 .rodata.aPLLMULFactorTable
                0x08001a28       0x10 build/stm32f3xx_hal_rcc.o
                0x08001a28                aPLLMULFactorTable
 .rodata.aPredivFactorTable
                0x08001a38       0x10 build/stm32f3xx_hal_rcc.o
                0x08001a38                aPredivFactorTable
 .rodata.AHBPrescTable
                0x08001a48       0x10 build/system_stm32f3xx.o
                0x08001a48                AHBPrescTable
                0x08001a58                . = ALIGN (0x4)

.rel.dyn        0x08001a58        0x0
 .rel.iplt      0x08001a58        0x0 c:/vsarm/armcc/bin/../lib/gcc/arm-none-eabi/8.2.1/thumb/v7e-m+fp/hard/crtbegin.o

.ARM.extab
 *(.ARM.extab* .gnu.linkonce.armextab.*)

.ARM            0x08001a58        0x0
                0x08001a58                __exidx_start = .
 *(.ARM.exidx*)
                0x08001a58                __exidx_end = .

.preinit_array  0x08001a58        0x0
                0x08001a58                PROVIDE (__preinit_array_start = .)
 *(.preinit_array*)
                0x08001a58                PROVIDE (__preinit_array_end = .)

.init_array     0x08001a58        0x4
                0x08001a58                PROVIDE (__init_array_start = .)
 *(SORT_BY_NAME(.init_array.*))
 *(.init_array*)
 .init_array    0x08001a58        0x4 c:/vsarm/armcc/bin/../lib/gcc/arm-none-eabi/8.2.1/thumb/v7e-m+fp/hard/crtbegin.o
                0x08001a5c                PROVIDE (__init_array_end = .)

.fini_array     0x08001a5c        0x4
                [!provide]                PROVIDE (__fini_array_start = .)
 *(SORT_BY_NAME(.fini_array.*))
 *(.fini_array*)
 .fini_array    0x08001a5c        0x4 c:/vsarm/armcc/bin/../lib/gcc/arm-none-eabi/8.2.1/thumb/v7e-m+fp/hard/crtbegin.o
                [!provide]                PROVIDE (__fini_array_end = .)
                0x08001a60                _sidata = LOADADDR (.data)

.data           0x20000000        0xc load address 0x08001a60
                0x20000000                . = ALIGN (0x4)
                0x20000000                _sdata = .
 *(.data)
 *(.data*)
 .data.uwTickFreq
                0x20000000        0x1 build/stm32f3xx_hal.o
                0x20000000                uwTickFreq
 *fill*         0x20000001        0x3 
 .data.uwTickPrio
                0x20000004        0x4 build/stm32f3xx_hal.o
                0x20000004                uwTickPrio
 .data.SystemCoreClock
                0x20000008        0x4 build/system_stm32f3xx.o
                0x20000008                SystemCoreClock
                0x2000000c                . = ALIGN (0x4)
                0x2000000c                _edata = .
                0x08001a6c                _siccmram = LOADADDR (.ccmram)

.igot.plt       0x2000000c        0x0 load address 0x08001a6c
 .igot.plt      0x2000000c        0x0 c:/vsarm/armcc/bin/../lib/gcc/arm-none-eabi/8.2.1/thumb/v7e-m+fp/hard/crtbegin.o

.ccmram         0x10000000        0x0 load address 0x08001a6c
                0x10000000                . = ALIGN (0x4)
                0x10000000                _sccmram = .
 *(.ccmram)
 *(.ccmram*)
                0x10000000                . = ALIGN (0x4)
                0x10000000                _eccmram = .
                0x10000000                . = ALIGN (0x4)

.bss            0x2000000c       0x60
                0x2000000c                _sbss = .
                0x2000000c                __bss_start__ = _sbss
 *(.bss)
 .bss           0x2000000c       0x1c c:/vsarm/armcc/bin/../lib/gcc/arm-none-eabi/8.2.1/thumb/v7e-m+fp/hard/crtbegin.o
 *(.bss*)
 *(COMMON)
 COMMON         0x20000028        0x4 build/stm32f3xx_hal.o
                0x20000028                uwTick
 COMMON         0x2000002c       0x40 build/tim.o
                0x2000002c                htim2
                0x2000006c                . = ALIGN (0x4)
                0x2000006c                _ebss = .
                0x2000006c                __bss_end__ = _ebss

._user_heap_stack
                0x2000006c      0x604
                0x20000070                . = ALIGN (0x8)
 *fill*         0x2000006c        0x4 
                [!provide]                PROVIDE (end = .)
                [!provide]                PROVIDE (_end = .)
                0x20000270                . = (. + _Min_Heap_Size)
 *fill*         0x20000070      0x200 
                0x20000670                . = (. + _Min_Stack_Size)
 *fill*         0x20000270      0x400 
                0x20000670                . = ALIGN (0x8)

/DISCARD/
 libc.a(*)
 libm.a(*)
 libgcc.a(*)

.ARM.attributes
                0x00000000       0x30
 *(.ARM.attributes)
 .ARM.attributes
                0x00000000       0x1e c:/vsarm/armcc/bin/../lib/gcc/arm-none-eabi/8.2.1/thumb/v7e-m+fp/hard/crti.o
 .ARM.attributes
                0x0000001e       0x34 c:/vsarm/armcc/bin/../lib/gcc/arm-none-eabi/8.2.1/thumb/v7e-m+fp/hard/crtbegin.o
 .ARM.attributes
                0x00000052       0x34 build/main.o
 .ARM.attributes
                0x00000086       0x34 build/gpio.o
 .ARM.attributes
                0x000000ba       0x34 build/stm32f3xx_it.o
 .ARM.attributes
                0x000000ee       0x34 build/stm32f3xx_hal_msp.o
 .ARM.attributes
                0x00000122       0x34 build/stm32f3xx_hal_tim.o
 .ARM.attributes
                0x00000156       0x34 build/stm32f3xx_hal_tim_ex.o
 .ARM.attributes
                0x0000018a       0x34 build/stm32f3xx_hal.o
 .ARM.attributes
                0x000001be       0x34 build/stm32f3xx_hal_rcc.o
 .ARM.attributes
                0x000001f2       0x34 build/stm32f3xx_hal_rcc_ex.o
 .ARM.attributes
                0x00000226       0x34 build/stm32f3xx_hal_gpio.o
 .ARM.attributes
                0x0000025a       0x34 build/stm32f3xx_hal_cortex.o
 .ARM.attributes
                0x0000028e       0x34 build/system_stm32f3xx.o
 .ARM.attributes
                0x000002c2       0x34 build/tim.o
 .ARM.attributes
                0x000002f6       0x21 build/startup_stm32f303xe.o
 .ARM.attributes
                0x00000317       0x34 c:/vsarm/armcc/bin/../lib/gcc/arm-none-eabi/8.2.1/../../../../arm-none-eabi/lib/thumb/v7e-m+fp/hard\libc_nano.a(lib_a-init.o)
 .ARM.attributes
                0x0000034b       0x34 c:/vsarm/armcc/bin/../lib/gcc/arm-none-eabi/8.2.1/../../../../arm-none-eabi/lib/thumb/v7e-m+fp/hard\libc_nano.a(lib_a-memset.o)
 .ARM.attributes
                0x0000037f       0x1e c:/vsarm/armcc/bin/../lib/gcc/arm-none-eabi/8.2.1/thumb/v7e-m+fp/hard/crtn.o
OUTPUT(build/photoDiodes.elf elf32-littlearm)

.debug_info     0x00000000    0x13f61
 .debug_info    0x00000000     0x1653 build/main.o
 .debug_info    0x00001653      0xea4 build/gpio.o
 .debug_info    0x000024f7      0xbf7 build/stm32f3xx_it.o
 .debug_info    0x000030ee      0xc48 build/stm32f3xx_hal_msp.o
 .debug_info    0x00003d36     0x41b9 build/stm32f3xx_hal_tim.o
 .debug_info    0x00007eef     0x2475 build/stm32f3xx_hal_tim_ex.o
 .debug_info    0x0000a364     0x135e build/stm32f3xx_hal.o
 .debug_info    0x0000b6c2     0x2306 build/stm32f3xx_hal_rcc.o
 .debug_info    0x0000d9c8     0x134f build/stm32f3xx_hal_rcc_ex.o
 .debug_info    0x0000ed17     0x12aa build/stm32f3xx_hal_gpio.o
 .debug_info    0x0000ffc1     0x1b4d build/stm32f3xx_hal_cortex.o
 .debug_info    0x00011b0e      0xe8b build/system_stm32f3xx.o
 .debug_info    0x00012999     0x15a6 build/tim.o
 .debug_info    0x00013f3f       0x22 build/startup_stm32f303xe.o

.debug_abbrev   0x00000000     0x2670
 .debug_abbrev  0x00000000      0x2aa build/main.o
 .debug_abbrev  0x000002aa      0x239 build/gpio.o
 .debug_abbrev  0x000004e3      0x20d build/stm32f3xx_it.o
 .debug_abbrev  0x000006f0      0x208 build/stm32f3xx_hal_msp.o
 .debug_abbrev  0x000008f8      0x360 build/stm32f3xx_hal_tim.o
 .debug_abbrev  0x00000c58      0x346 build/stm32f3xx_hal_tim_ex.o
 .debug_abbrev  0x00000f9e      0x308 build/stm32f3xx_hal.o
 .debug_abbrev  0x000012a6      0x3eb build/stm32f3xx_hal_rcc.o
 .debug_abbrev  0x00001691      0x385 build/stm32f3xx_hal_rcc_ex.o
 .debug_abbrev  0x00001a16      0x30a build/stm32f3xx_hal_gpio.o
 .debug_abbrev  0x00001d20      0x444 build/stm32f3xx_hal_cortex.o
 .debug_abbrev  0x00002164      0x236 build/system_stm32f3xx.o
 .debug_abbrev  0x0000239a      0x2c4 build/tim.o
 .debug_abbrev  0x0000265e       0x12 build/startup_stm32f303xe.o

.debug_loc      0x00000000     0x9bae
 .debug_loc     0x00000000       0x59 build/main.o
 .debug_loc     0x00000059       0x38 build/gpio.o
 .debug_loc     0x00000091       0x20 build/stm32f3xx_it.o
 .debug_loc     0x000000b1       0x2c build/stm32f3xx_hal_msp.o
 .debug_loc     0x000000dd     0x4b95 build/stm32f3xx_hal_tim.o
 .debug_loc     0x00004c72     0x220a build/stm32f3xx_hal_tim_ex.o
 .debug_loc     0x00006e7c      0x1cc build/stm32f3xx_hal.o
 .debug_loc     0x00007048      0xf1f build/stm32f3xx_hal_rcc.o
 .debug_loc     0x00007f67      0xdda build/stm32f3xx_hal_rcc_ex.o
 .debug_loc     0x00008d41      0x4c3 build/stm32f3xx_hal_gpio.o
 .debug_loc     0x00009204      0x790 build/stm32f3xx_hal_cortex.o
 .debug_loc     0x00009994      0x124 build/system_stm32f3xx.o
 .debug_loc     0x00009ab8       0xf6 build/tim.o

.debug_aranges  0x00000000      0x8e8
 .debug_aranges
                0x00000000       0x30 build/main.o
 .debug_aranges
                0x00000030       0x20 build/gpio.o
 .debug_aranges
                0x00000050       0x60 build/stm32f3xx_it.o
 .debug_aranges
                0x000000b0       0x20 build/stm32f3xx_hal_msp.o
 .debug_aranges
                0x000000d0      0x378 build/stm32f3xx_hal_tim.o
 .debug_aranges
                0x00000448      0x178 build/stm32f3xx_hal_tim_ex.o
 .debug_aranges
                0x000005c0       0xe0 build/stm32f3xx_hal.o
 .debug_aranges
                0x000006a0       0x88 build/stm32f3xx_hal_rcc.o
 .debug_aranges
                0x00000728       0x38 build/stm32f3xx_hal_rcc_ex.o
 .debug_aranges
                0x00000760       0x58 build/stm32f3xx_hal_gpio.o
 .debug_aranges
                0x000007b8       0xa8 build/stm32f3xx_hal_cortex.o
 .debug_aranges
                0x00000860       0x28 build/system_stm32f3xx.o
 .debug_aranges
                0x00000888       0x38 build/tim.o
 .debug_aranges
                0x000008c0       0x28 build/startup_stm32f303xe.o

.debug_ranges   0x00000000      0x890
 .debug_ranges  0x00000000       0x20 build/main.o
 .debug_ranges  0x00000020       0x10 build/gpio.o
 .debug_ranges  0x00000030       0x50 build/stm32f3xx_it.o
 .debug_ranges  0x00000080       0x10 build/stm32f3xx_hal_msp.o
 .debug_ranges  0x00000090      0x368 build/stm32f3xx_hal_tim.o
 .debug_ranges  0x000003f8      0x168 build/stm32f3xx_hal_tim_ex.o
 .debug_ranges  0x00000560       0xd0 build/stm32f3xx_hal.o
 .debug_ranges  0x00000630       0x98 build/stm32f3xx_hal_rcc.o
 .debug_ranges  0x000006c8       0x40 build/stm32f3xx_hal_rcc_ex.o
 .debug_ranges  0x00000708       0x48 build/stm32f3xx_hal_gpio.o
 .debug_ranges  0x00000750       0xe0 build/stm32f3xx_hal_cortex.o
 .debug_ranges  0x00000830       0x18 build/system_stm32f3xx.o
 .debug_ranges  0x00000848       0x28 build/tim.o
 .debug_ranges  0x00000870       0x20 build/startup_stm32f303xe.o

.debug_line     0x00000000     0x893a
 .debug_line    0x00000000      0x33c build/main.o
 .debug_line    0x0000033c      0x26c build/gpio.o
 .debug_line    0x000005a8      0x284 build/stm32f3xx_it.o
 .debug_line    0x0000082c      0x1df build/stm32f3xx_hal_msp.o
 .debug_line    0x00000a0b     0x30b6 build/stm32f3xx_hal_tim.o
 .debug_line    0x00003ac1     0x1507 build/stm32f3xx_hal_tim_ex.o
 .debug_line    0x00004fc8      0x518 build/stm32f3xx_hal.o
 .debug_line    0x000054e0     0x1143 build/stm32f3xx_hal_rcc.o
 .debug_line    0x00006623      0xe29 build/stm32f3xx_hal_rcc_ex.o
 .debug_line    0x0000744c      0x6f3 build/stm32f3xx_hal_gpio.o
 .debug_line    0x00007b3f      0x711 build/stm32f3xx_hal_cortex.o
 .debug_line    0x00008250      0x2d3 build/system_stm32f3xx.o
 .debug_line    0x00008523      0x3a3 build/tim.o
 .debug_line    0x000088c6       0x74 build/startup_stm32f303xe.o

.debug_str      0x00000000     0x32cf
 .debug_str     0x00000000      0xda5 build/main.o
                                0xe63 (size before relaxing)
 .debug_str     0x00000da5       0xdc build/gpio.o
                                0x7a4 (size before relaxing)
 .debug_str     0x00000e81       0xb4 build/stm32f3xx_it.o
                                0x724 (size before relaxing)
 .debug_str     0x00000f35       0x29 build/stm32f3xx_hal_msp.o
                                0x6f3 (size before relaxing)
 .debug_str     0x00000f5e      0xdd0 build/stm32f3xx_hal_tim.o
                               0x1898 (size before relaxing)
 .debug_str     0x00001d2e      0x5a0 build/stm32f3xx_hal_tim_ex.o
                               0x12d3 (size before relaxing)
 .debug_str     0x000022ce      0x721 build/stm32f3xx_hal.o
                                0xe5e (size before relaxing)
 .debug_str     0x000029ef      0x1dc build/stm32f3xx_hal_rcc.o
                                0xaf3 (size before relaxing)
 .debug_str     0x00002bcb       0xc5 build/stm32f3xx_hal_rcc_ex.o
                                0xa87 (size before relaxing)
 .debug_str     0x00002c90      0x1b9 build/stm32f3xx_hal_gpio.o
                                0x994 (size before relaxing)
 .debug_str     0x00002e49      0x3ca build/stm32f3xx_hal_cortex.o
                               0x107c (size before relaxing)
 .debug_str     0x00003213       0x52 build/system_stm32f3xx.o
                                0x77d (size before relaxing)
 .debug_str     0x00003265       0x45 build/tim.o
                                0xcd7 (size before relaxing)
 .debug_str     0x000032aa       0x25 build/startup_stm32f303xe.o
                                 0x6f (size before relaxing)

.comment        0x00000000       0x75
 .comment       0x00000000       0x75 build/main.o
                                 0x76 (size before relaxing)
 .comment       0x00000075       0x76 build/gpio.o
 .comment       0x00000075       0x76 build/stm32f3xx_it.o
 .comment       0x00000075       0x76 build/stm32f3xx_hal_msp.o
 .comment       0x00000075       0x76 build/stm32f3xx_hal_tim.o
 .comment       0x00000075       0x76 build/stm32f3xx_hal_tim_ex.o
 .comment       0x00000075       0x76 build/stm32f3xx_hal.o
 .comment       0x00000075       0x76 build/stm32f3xx_hal_rcc.o
 .comment       0x00000075       0x76 build/stm32f3xx_hal_rcc_ex.o
 .comment       0x00000075       0x76 build/stm32f3xx_hal_gpio.o
 .comment       0x00000075       0x76 build/stm32f3xx_hal_cortex.o
 .comment       0x00000075       0x76 build/system_stm32f3xx.o
 .comment       0x00000075       0x76 build/tim.o

.debug_frame    0x00000000     0x1914
 .debug_frame   0x00000000       0x60 build/main.o
 .debug_frame   0x00000060       0x38 build/gpio.o
 .debug_frame   0x00000098       0xac build/stm32f3xx_it.o
 .debug_frame   0x00000144       0x28 build/stm32f3xx_hal_msp.o
 .debug_frame   0x0000016c      0xb54 build/stm32f3xx_hal_tim.o
 .debug_frame   0x00000cc0      0x4dc build/stm32f3xx_hal_tim_ex.o
 .debug_frame   0x0000119c      0x1e0 build/stm32f3xx_hal.o
 .debug_frame   0x0000137c      0x1a0 build/stm32f3xx_hal_rcc.o
 .debug_frame   0x0000151c       0x8c build/stm32f3xx_hal_rcc_ex.o
 .debug_frame   0x000015a8      0x10c build/stm32f3xx_hal_gpio.o
 .debug_frame   0x000016b4      0x16c build/stm32f3xx_hal_cortex.o
 .debug_frame   0x00001820       0x30 build/system_stm32f3xx.o
 .debug_frame   0x00001850       0x78 build/tim.o
 .debug_frame   0x000018c8       0x2c c:/vsarm/armcc/bin/../lib/gcc/arm-none-eabi/8.2.1/../../../../arm-none-eabi/lib/thumb/v7e-m+fp/hard\libc_nano.a(lib_a-init.o)
 .debug_frame   0x000018f4       0x20 c:/vsarm/armcc/bin/../lib/gcc/arm-none-eabi/8.2.1/../../../../arm-none-eabi/lib/thumb/v7e-m+fp/hard\libc_nano.a(lib_a-memset.o)

Cross Reference Table

Symbol                                            File
ADC1_2_IRQHandler                                 build/startup_stm32f303xe.o
ADC3_IRQHandler                                   build/startup_stm32f303xe.o
ADC4_IRQHandler                                   build/startup_stm32f303xe.o
AHBPrescTable                                     build/system_stm32f3xx.o
                                                  build/stm32f3xx_hal_rcc.o
APBPrescTable                                     build/system_stm32f3xx.o
                                                  build/stm32f3xx_hal_rcc.o
BusFault_Handler                                  build/stm32f3xx_it.o
CAN_RX1_IRQHandler                                build/startup_stm32f303xe.o
CAN_SCE_IRQHandler                                build/startup_stm32f303xe.o
COMP1_2_3_IRQHandler                              build/startup_stm32f303xe.o
COMP4_5_6_IRQHandler                              build/startup_stm32f303xe.o
COMP7_IRQHandler                                  build/startup_stm32f303xe.o
DMA1_Channel1_IRQHandler                          build/startup_stm32f303xe.o
DMA1_Channel2_IRQHandler                          build/startup_stm32f303xe.o
DMA1_Channel3_IRQHandler                          build/startup_stm32f303xe.o
DMA1_Channel4_IRQHandler                          build/startup_stm32f303xe.o
DMA1_Channel5_IRQHandler                          build/startup_stm32f303xe.o
DMA1_Channel6_IRQHandler                          build/startup_stm32f303xe.o
DMA1_Channel7_IRQHandler                          build/startup_stm32f303xe.o
DMA2_Channel1_IRQHandler                          build/startup_stm32f303xe.o
DMA2_Channel2_IRQHandler                          build/startup_stm32f303xe.o
DMA2_Channel3_IRQHandler                          build/startup_stm32f303xe.o
DMA2_Channel4_IRQHandler                          build/startup_stm32f303xe.o
DMA2_Channel5_IRQHandler                          build/startup_stm32f303xe.o
DebugMon_Handler                                  build/stm32f3xx_it.o
Default_Handler                                   build/startup_stm32f303xe.o
EXTI0_IRQHandler                                  build/startup_stm32f303xe.o
EXTI15_10_IRQHandler                              build/startup_stm32f303xe.o
EXTI1_IRQHandler                                  build/startup_stm32f303xe.o
EXTI2_TSC_IRQHandler                              build/startup_stm32f303xe.o
EXTI3_IRQHandler                                  build/startup_stm32f303xe.o
EXTI4_IRQHandler                                  build/startup_stm32f303xe.o
EXTI9_5_IRQHandler                                build/startup_stm32f303xe.o
Error_Handler                                     build/main.o
                                                  build/tim.o
FLASH_IRQHandler                                  build/startup_stm32f303xe.o
FLASH_PageErase                                   build/stm32f3xx_hal_flash_ex.o
                                                  build/stm32f3xx_hal_flash.o
FLASH_WaitForLastOperation                        build/stm32f3xx_hal_flash.o
                                                  build/stm32f3xx_hal_flash_ex.o
FMC_IRQHandler                                    build/startup_stm32f303xe.o
FPU_IRQHandler                                    build/startup_stm32f303xe.o
HAL_DBGMCU_DisableDBGSleepMode                    build/stm32f3xx_hal.o
HAL_DBGMCU_DisableDBGStandbyMode                  build/stm32f3xx_hal.o
HAL_DBGMCU_DisableDBGStopMode                     build/stm32f3xx_hal.o
HAL_DBGMCU_EnableDBGSleepMode                     build/stm32f3xx_hal.o
HAL_DBGMCU_EnableDBGStandbyMode                   build/stm32f3xx_hal.o
HAL_DBGMCU_EnableDBGStopMode                      build/stm32f3xx_hal.o
HAL_DMA_Abort                                     build/stm32f3xx_hal_dma.o
                                                  build/stm32f3xx_hal_tim.o
HAL_DMA_Abort_IT                                  build/stm32f3xx_hal_dma.o
                                                  build/stm32f3xx_hal_i2c.o
HAL_DMA_DeInit                                    build/stm32f3xx_hal_dma.o
HAL_DMA_GetError                                  build/stm32f3xx_hal_dma.o
HAL_DMA_GetState                                  build/stm32f3xx_hal_dma.o
HAL_DMA_IRQHandler                                build/stm32f3xx_hal_dma.o
HAL_DMA_Init                                      build/stm32f3xx_hal_dma.o
HAL_DMA_PollForTransfer                           build/stm32f3xx_hal_dma.o
HAL_DMA_RegisterCallback                          build/stm32f3xx_hal_dma.o
HAL_DMA_Start                                     build/stm32f3xx_hal_dma.o
HAL_DMA_Start_IT                                  build/stm32f3xx_hal_dma.o
                                                  build/stm32f3xx_hal_i2c.o
                                                  build/stm32f3xx_hal_tim_ex.o
                                                  build/stm32f3xx_hal_tim.o
HAL_DMA_UnRegisterCallback                        build/stm32f3xx_hal_dma.o
HAL_DeInit                                        build/stm32f3xx_hal.o
HAL_Delay                                         build/stm32f3xx_hal.o
                                                  build/main.o
HAL_FLASHEx_Erase                                 build/stm32f3xx_hal_flash_ex.o
HAL_FLASHEx_Erase_IT                              build/stm32f3xx_hal_flash_ex.o
HAL_FLASHEx_OBErase                               build/stm32f3xx_hal_flash_ex.o
HAL_FLASHEx_OBGetConfig                           build/stm32f3xx_hal_flash_ex.o
HAL_FLASHEx_OBGetUserData                         build/stm32f3xx_hal_flash_ex.o
HAL_FLASHEx_OBProgram                             build/stm32f3xx_hal_flash_ex.o
HAL_FLASH_EndOfOperationCallback                  build/stm32f3xx_hal_flash.o
HAL_FLASH_GetError                                build/stm32f3xx_hal_flash.o
HAL_FLASH_IRQHandler                              build/stm32f3xx_hal_flash.o
HAL_FLASH_Lock                                    build/stm32f3xx_hal_flash.o
HAL_FLASH_OB_Launch                               build/stm32f3xx_hal_flash.o
HAL_FLASH_OB_Lock                                 build/stm32f3xx_hal_flash.o
HAL_FLASH_OB_Unlock                               build/stm32f3xx_hal_flash.o
HAL_FLASH_OperationErrorCallback                  build/stm32f3xx_hal_flash.o
HAL_FLASH_Program                                 build/stm32f3xx_hal_flash.o
HAL_FLASH_Program_IT                              build/stm32f3xx_hal_flash.o
HAL_FLASH_Unlock                                  build/stm32f3xx_hal_flash.o
HAL_GPIO_DeInit                                   build/stm32f3xx_hal_gpio.o
HAL_GPIO_EXTI_Callback                            build/stm32f3xx_hal_gpio.o
HAL_GPIO_EXTI_IRQHandler                          build/stm32f3xx_hal_gpio.o
HAL_GPIO_Init                                     build/stm32f3xx_hal_gpio.o
                                                  build/tim.o
                                                  build/stm32f3xx_hal_rcc.o
                                                  build/gpio.o
HAL_GPIO_LockPin                                  build/stm32f3xx_hal_gpio.o
HAL_GPIO_ReadPin                                  build/stm32f3xx_hal_gpio.o
HAL_GPIO_TogglePin                                build/stm32f3xx_hal_gpio.o
                                                  build/main.o
HAL_GPIO_WritePin                                 build/stm32f3xx_hal_gpio.o
                                                  build/gpio.o
HAL_GetDEVID                                      build/stm32f3xx_hal.o
HAL_GetHalVersion                                 build/stm32f3xx_hal.o
HAL_GetREVID                                      build/stm32f3xx_hal.o
HAL_GetTick                                       build/stm32f3xx_hal.o
                                                  build/stm32f3xx_hal_i2c.o
                                                  build/stm32f3xx_hal_flash.o
                                                  build/stm32f3xx_hal_dma.o
                                                  build/stm32f3xx_hal_rcc_ex.o
                                                  build/stm32f3xx_hal_rcc.o
HAL_GetTickFreq                                   build/stm32f3xx_hal.o
HAL_GetTickPrio                                   build/stm32f3xx_hal.o
HAL_GetUIDw0                                      build/stm32f3xx_hal.o
HAL_GetUIDw1                                      build/stm32f3xx_hal.o
HAL_GetUIDw2                                      build/stm32f3xx_hal.o
HAL_I2CEx_ConfigAnalogFilter                      build/stm32f3xx_hal_i2c_ex.o
HAL_I2CEx_ConfigDigitalFilter                     build/stm32f3xx_hal_i2c_ex.o
HAL_I2CEx_DisableFastModePlus                     build/stm32f3xx_hal_i2c_ex.o
HAL_I2CEx_DisableWakeUp                           build/stm32f3xx_hal_i2c_ex.o
HAL_I2CEx_EnableFastModePlus                      build/stm32f3xx_hal_i2c_ex.o
HAL_I2CEx_EnableWakeUp                            build/stm32f3xx_hal_i2c_ex.o
HAL_I2C_AbortCpltCallback                         build/stm32f3xx_hal_i2c.o
HAL_I2C_AddrCallback                              build/stm32f3xx_hal_i2c.o
HAL_I2C_DeInit                                    build/stm32f3xx_hal_i2c.o
HAL_I2C_DisableListen_IT                          build/stm32f3xx_hal_i2c.o
HAL_I2C_ER_IRQHandler                             build/stm32f3xx_hal_i2c.o
HAL_I2C_EV_IRQHandler                             build/stm32f3xx_hal_i2c.o
HAL_I2C_EnableListen_IT                           build/stm32f3xx_hal_i2c.o
HAL_I2C_ErrorCallback                             build/stm32f3xx_hal_i2c.o
HAL_I2C_GetError                                  build/stm32f3xx_hal_i2c.o
HAL_I2C_GetMode                                   build/stm32f3xx_hal_i2c.o
HAL_I2C_GetState                                  build/stm32f3xx_hal_i2c.o
HAL_I2C_Init                                      build/stm32f3xx_hal_i2c.o
HAL_I2C_IsDeviceReady                             build/stm32f3xx_hal_i2c.o
HAL_I2C_ListenCpltCallback                        build/stm32f3xx_hal_i2c.o
HAL_I2C_MasterRxCpltCallback                      build/stm32f3xx_hal_i2c.o
HAL_I2C_MasterTxCpltCallback                      build/stm32f3xx_hal_i2c.o
HAL_I2C_Master_Abort_IT                           build/stm32f3xx_hal_i2c.o
HAL_I2C_Master_Receive                            build/stm32f3xx_hal_i2c.o
HAL_I2C_Master_Receive_DMA                        build/stm32f3xx_hal_i2c.o
HAL_I2C_Master_Receive_IT                         build/stm32f3xx_hal_i2c.o
HAL_I2C_Master_Sequential_Receive_IT              build/stm32f3xx_hal_i2c.o
HAL_I2C_Master_Sequential_Transmit_IT             build/stm32f3xx_hal_i2c.o
HAL_I2C_Master_Transmit                           build/stm32f3xx_hal_i2c.o
HAL_I2C_Master_Transmit_DMA                       build/stm32f3xx_hal_i2c.o
HAL_I2C_Master_Transmit_IT                        build/stm32f3xx_hal_i2c.o
HAL_I2C_MemRxCpltCallback                         build/stm32f3xx_hal_i2c.o
HAL_I2C_MemTxCpltCallback                         build/stm32f3xx_hal_i2c.o
HAL_I2C_Mem_Read                                  build/stm32f3xx_hal_i2c.o
HAL_I2C_Mem_Read_DMA                              build/stm32f3xx_hal_i2c.o
HAL_I2C_Mem_Read_IT                               build/stm32f3xx_hal_i2c.o
HAL_I2C_Mem_Write                                 build/stm32f3xx_hal_i2c.o
HAL_I2C_Mem_Write_DMA                             build/stm32f3xx_hal_i2c.o
HAL_I2C_Mem_Write_IT                              build/stm32f3xx_hal_i2c.o
HAL_I2C_MspDeInit                                 build/stm32f3xx_hal_i2c.o
HAL_I2C_MspInit                                   build/stm32f3xx_hal_i2c.o
HAL_I2C_SlaveRxCpltCallback                       build/stm32f3xx_hal_i2c.o
HAL_I2C_SlaveTxCpltCallback                       build/stm32f3xx_hal_i2c.o
HAL_I2C_Slave_Receive                             build/stm32f3xx_hal_i2c.o
HAL_I2C_Slave_Receive_DMA                         build/stm32f3xx_hal_i2c.o
HAL_I2C_Slave_Receive_IT                          build/stm32f3xx_hal_i2c.o
HAL_I2C_Slave_Sequential_Receive_IT               build/stm32f3xx_hal_i2c.o
HAL_I2C_Slave_Sequential_Transmit_IT              build/stm32f3xx_hal_i2c.o
HAL_I2C_Slave_Transmit                            build/stm32f3xx_hal_i2c.o
HAL_I2C_Slave_Transmit_DMA                        build/stm32f3xx_hal_i2c.o
HAL_I2C_Slave_Transmit_IT                         build/stm32f3xx_hal_i2c.o
HAL_IncTick                                       build/stm32f3xx_hal.o
                                                  build/stm32f3xx_it.o
HAL_Init                                          build/stm32f3xx_hal.o
                                                  build/main.o
HAL_InitTick                                      build/stm32f3xx_hal.o
                                                  build/stm32f3xx_hal_rcc.o
HAL_MPU_ConfigRegion                              build/stm32f3xx_hal_cortex.o
HAL_MPU_Disable                                   build/stm32f3xx_hal_cortex.o
HAL_MPU_Enable                                    build/stm32f3xx_hal_cortex.o
HAL_MspDeInit                                     build/stm32f3xx_hal.o
HAL_MspInit                                       build/stm32f3xx_hal_msp.o
HAL_NVIC_ClearPendingIRQ                          build/stm32f3xx_hal_cortex.o
HAL_NVIC_DisableIRQ                               build/stm32f3xx_hal_cortex.o
HAL_NVIC_EnableIRQ                                build/stm32f3xx_hal_cortex.o
HAL_NVIC_GetActive                                build/stm32f3xx_hal_cortex.o
HAL_NVIC_GetPendingIRQ                            build/stm32f3xx_hal_cortex.o
HAL_NVIC_GetPriority                              build/stm32f3xx_hal_cortex.o
HAL_NVIC_GetPriorityGrouping                      build/stm32f3xx_hal_cortex.o
HAL_NVIC_SetPendingIRQ                            build/stm32f3xx_hal_cortex.o
HAL_NVIC_SetPriority                              build/stm32f3xx_hal_cortex.o
                                                  build/stm32f3xx_hal.o
HAL_NVIC_SetPriorityGrouping                      build/stm32f3xx_hal_cortex.o
                                                  build/stm32f3xx_hal.o
HAL_NVIC_SystemReset                              build/stm32f3xx_hal_cortex.o
HAL_PWR_ConfigPVD                                 build/stm32f3xx_hal_pwr_ex.o
HAL_PWR_DeInit                                    build/stm32f3xx_hal_pwr.o
HAL_PWR_DisableBkUpAccess                         build/stm32f3xx_hal_pwr.o
HAL_PWR_DisablePVD                                build/stm32f3xx_hal_pwr_ex.o
HAL_PWR_DisableSEVOnPend                          build/stm32f3xx_hal_pwr.o
HAL_PWR_DisableSleepOnExit                        build/stm32f3xx_hal_pwr.o
HAL_PWR_DisableWakeUpPin                          build/stm32f3xx_hal_pwr.o
HAL_PWR_EnableBkUpAccess                          build/stm32f3xx_hal_pwr.o
HAL_PWR_EnablePVD                                 build/stm32f3xx_hal_pwr_ex.o
HAL_PWR_EnableSEVOnPend                           build/stm32f3xx_hal_pwr.o
HAL_PWR_EnableSleepOnExit                         build/stm32f3xx_hal_pwr.o
HAL_PWR_EnableWakeUpPin                           build/stm32f3xx_hal_pwr.o
HAL_PWR_EnterSLEEPMode                            build/stm32f3xx_hal_pwr.o
HAL_PWR_EnterSTANDBYMode                          build/stm32f3xx_hal_pwr.o
HAL_PWR_EnterSTOPMode                             build/stm32f3xx_hal_pwr.o
HAL_PWR_PVDCallback                               build/stm32f3xx_hal_pwr_ex.o
HAL_PWR_PVD_IRQHandler                            build/stm32f3xx_hal_pwr_ex.o
HAL_RCCEx_GetPeriphCLKConfig                      build/stm32f3xx_hal_rcc_ex.o
HAL_RCCEx_GetPeriphCLKFreq                        build/stm32f3xx_hal_rcc_ex.o
HAL_RCCEx_PeriphCLKConfig                         build/stm32f3xx_hal_rcc_ex.o
                                                  build/main.o
HAL_RCC_CSSCallback                               build/stm32f3xx_hal_rcc.o
HAL_RCC_ClockConfig                               build/stm32f3xx_hal_rcc.o
                                                  build/main.o
HAL_RCC_DeInit                                    build/stm32f3xx_hal_rcc.o
HAL_RCC_DisableCSS                                build/stm32f3xx_hal_rcc.o
HAL_RCC_EnableCSS                                 build/stm32f3xx_hal_rcc.o
HAL_RCC_GetClockConfig                            build/stm32f3xx_hal_rcc.o
HAL_RCC_GetHCLKFreq                               build/stm32f3xx_hal_rcc.o
HAL_RCC_GetOscConfig                              build/stm32f3xx_hal_rcc.o
HAL_RCC_GetPCLK1Freq                              build/stm32f3xx_hal_rcc.o
                                                  build/stm32f3xx_hal_rcc_ex.o
HAL_RCC_GetPCLK2Freq                              build/stm32f3xx_hal_rcc.o
                                                  build/stm32f3xx_hal_rcc_ex.o
HAL_RCC_GetSysClockFreq                           build/stm32f3xx_hal_rcc.o
                                                  build/stm32f3xx_hal_rcc_ex.o
HAL_RCC_MCOConfig                                 build/stm32f3xx_hal_rcc.o
HAL_RCC_NMI_IRQHandler                            build/stm32f3xx_hal_rcc.o
HAL_RCC_OscConfig                                 build/stm32f3xx_hal_rcc.o
                                                  build/main.o
HAL_ResumeTick                                    build/stm32f3xx_hal.o
HAL_SYSTICK_CLKSourceConfig                       build/stm32f3xx_hal_cortex.o
HAL_SYSTICK_Callback                              build/stm32f3xx_hal_cortex.o
HAL_SYSTICK_Config                                build/stm32f3xx_hal_cortex.o
                                                  build/stm32f3xx_hal.o
HAL_SYSTICK_IRQHandler                            build/stm32f3xx_hal_cortex.o
HAL_SetTickFreq                                   build/stm32f3xx_hal.o
HAL_SuspendTick                                   build/stm32f3xx_hal.o
HAL_TIMEx_Break2Callback                          build/stm32f3xx_hal_tim_ex.o
                                                  build/stm32f3xx_hal_tim.o
HAL_TIMEx_BreakCallback                           build/stm32f3xx_hal_tim_ex.o
                                                  build/stm32f3xx_hal_tim.o
HAL_TIMEx_CommutationCallback                     build/stm32f3xx_hal_tim_ex.o
                                                  build/stm32f3xx_hal_tim.o
HAL_TIMEx_ConfigBreakDeadTime                     build/stm32f3xx_hal_tim_ex.o
HAL_TIMEx_ConfigCommutationEvent                  build/stm32f3xx_hal_tim_ex.o
HAL_TIMEx_ConfigCommutationEvent_DMA              build/stm32f3xx_hal_tim_ex.o
HAL_TIMEx_ConfigCommutationEvent_IT               build/stm32f3xx_hal_tim_ex.o
HAL_TIMEx_GroupChannel5                           build/stm32f3xx_hal_tim_ex.o
HAL_TIMEx_HallSensor_DeInit                       build/stm32f3xx_hal_tim_ex.o
HAL_TIMEx_HallSensor_GetState                     build/stm32f3xx_hal_tim_ex.o
HAL_TIMEx_HallSensor_Init                         build/stm32f3xx_hal_tim_ex.o
HAL_TIMEx_HallSensor_MspDeInit                    build/stm32f3xx_hal_tim_ex.o
HAL_TIMEx_HallSensor_MspInit                      build/stm32f3xx_hal_tim_ex.o
HAL_TIMEx_HallSensor_Start                        build/stm32f3xx_hal_tim_ex.o
HAL_TIMEx_HallSensor_Start_DMA                    build/stm32f3xx_hal_tim_ex.o
HAL_TIMEx_HallSensor_Start_IT                     build/stm32f3xx_hal_tim_ex.o
HAL_TIMEx_HallSensor_Stop                         build/stm32f3xx_hal_tim_ex.o
HAL_TIMEx_HallSensor_Stop_DMA                     build/stm32f3xx_hal_tim_ex.o
HAL_TIMEx_HallSensor_Stop_IT                      build/stm32f3xx_hal_tim_ex.o
HAL_TIMEx_MasterConfigSynchronization             build/stm32f3xx_hal_tim_ex.o
                                                  build/tim.o
HAL_TIMEx_OCN_Start                               build/stm32f3xx_hal_tim_ex.o
HAL_TIMEx_OCN_Start_DMA                           build/stm32f3xx_hal_tim_ex.o
HAL_TIMEx_OCN_Start_IT                            build/stm32f3xx_hal_tim_ex.o
HAL_TIMEx_OCN_Stop                                build/stm32f3xx_hal_tim_ex.o
HAL_TIMEx_OCN_Stop_DMA                            build/stm32f3xx_hal_tim_ex.o
HAL_TIMEx_OCN_Stop_IT                             build/stm32f3xx_hal_tim_ex.o
HAL_TIMEx_OnePulseN_Start                         build/stm32f3xx_hal_tim_ex.o
HAL_TIMEx_OnePulseN_Start_IT                      build/stm32f3xx_hal_tim_ex.o
HAL_TIMEx_OnePulseN_Stop                          build/stm32f3xx_hal_tim_ex.o
HAL_TIMEx_OnePulseN_Stop_IT                       build/stm32f3xx_hal_tim_ex.o
HAL_TIMEx_PWMN_Start                              build/stm32f3xx_hal_tim_ex.o
HAL_TIMEx_PWMN_Start_DMA                          build/stm32f3xx_hal_tim_ex.o
HAL_TIMEx_PWMN_Start_IT                           build/stm32f3xx_hal_tim_ex.o
HAL_TIMEx_PWMN_Stop                               build/stm32f3xx_hal_tim_ex.o
HAL_TIMEx_PWMN_Stop_DMA                           build/stm32f3xx_hal_tim_ex.o
HAL_TIMEx_PWMN_Stop_IT                            build/stm32f3xx_hal_tim_ex.o
HAL_TIMEx_RemapConfig                             build/stm32f3xx_hal_tim_ex.o
HAL_TIM_Base_DeInit                               build/stm32f3xx_hal_tim.o
HAL_TIM_Base_GetState                             build/stm32f3xx_hal_tim.o
HAL_TIM_Base_Init                                 build/stm32f3xx_hal_tim.o
HAL_TIM_Base_MspDeInit                            build/stm32f3xx_hal_tim.o
HAL_TIM_Base_MspInit                              build/stm32f3xx_hal_tim.o
HAL_TIM_Base_Start                                build/stm32f3xx_hal_tim.o
HAL_TIM_Base_Start_DMA                            build/stm32f3xx_hal_tim.o
HAL_TIM_Base_Start_IT                             build/stm32f3xx_hal_tim.o
HAL_TIM_Base_Stop                                 build/stm32f3xx_hal_tim.o
HAL_TIM_Base_Stop_DMA                             build/stm32f3xx_hal_tim.o
HAL_TIM_Base_Stop_IT                              build/stm32f3xx_hal_tim.o
HAL_TIM_ConfigClockSource                         build/stm32f3xx_hal_tim.o
HAL_TIM_ConfigOCrefClear                          build/stm32f3xx_hal_tim_ex.o
                                                  build/stm32f3xx_hal_tim.o
HAL_TIM_ConfigTI1Input                            build/stm32f3xx_hal_tim.o
HAL_TIM_DMABurst_MultiReadStart                   build/stm32f3xx_hal_tim.o
HAL_TIM_DMABurst_MultiWriteStart                  build/stm32f3xx_hal_tim.o
HAL_TIM_DMABurst_ReadStart                        build/stm32f3xx_hal_tim.o
HAL_TIM_DMABurst_ReadStop                         build/stm32f3xx_hal_tim.o
HAL_TIM_DMABurst_WriteStart                       build/stm32f3xx_hal_tim.o
HAL_TIM_DMABurst_WriteStop                        build/stm32f3xx_hal_tim.o
HAL_TIM_Encoder_DeInit                            build/stm32f3xx_hal_tim.o
HAL_TIM_Encoder_GetState                          build/stm32f3xx_hal_tim.o
HAL_TIM_Encoder_Init                              build/stm32f3xx_hal_tim.o
HAL_TIM_Encoder_MspDeInit                         build/stm32f3xx_hal_tim.o
HAL_TIM_Encoder_MspInit                           build/stm32f3xx_hal_tim.o
HAL_TIM_Encoder_Start                             build/stm32f3xx_hal_tim.o
HAL_TIM_Encoder_Start_DMA                         build/stm32f3xx_hal_tim.o
HAL_TIM_Encoder_Start_IT                          build/stm32f3xx_hal_tim.o
HAL_TIM_Encoder_Stop                              build/stm32f3xx_hal_tim.o
HAL_TIM_Encoder_Stop_DMA                          build/stm32f3xx_hal_tim.o
HAL_TIM_Encoder_Stop_IT                           build/stm32f3xx_hal_tim.o
HAL_TIM_ErrorCallback                             build/stm32f3xx_hal_tim.o
HAL_TIM_GenerateEvent                             build/stm32f3xx_hal_tim.o
HAL_TIM_IC_CaptureCallback                        build/stm32f3xx_hal_tim.o
HAL_TIM_IC_ConfigChannel                          build/stm32f3xx_hal_tim.o
HAL_TIM_IC_DeInit                                 build/stm32f3xx_hal_tim.o
HAL_TIM_IC_GetState                               build/stm32f3xx_hal_tim.o
HAL_TIM_IC_Init                                   build/stm32f3xx_hal_tim.o
HAL_TIM_IC_MspDeInit                              build/stm32f3xx_hal_tim.o
HAL_TIM_IC_MspInit                                build/stm32f3xx_hal_tim.o
HAL_TIM_IC_Start                                  build/stm32f3xx_hal_tim.o
HAL_TIM_IC_Start_DMA                              build/stm32f3xx_hal_tim.o
HAL_TIM_IC_Start_IT                               build/stm32f3xx_hal_tim.o
HAL_TIM_IC_Stop                                   build/stm32f3xx_hal_tim.o
HAL_TIM_IC_Stop_DMA                               build/stm32f3xx_hal_tim.o
HAL_TIM_IC_Stop_IT                                build/stm32f3xx_hal_tim.o
HAL_TIM_IRQHandler                                build/stm32f3xx_hal_tim.o
HAL_TIM_MspPostInit                               build/tim.o
HAL_TIM_OC_ConfigChannel                          build/stm32f3xx_hal_tim_ex.o
                                                  build/stm32f3xx_hal_tim.o
HAL_TIM_OC_DeInit                                 build/stm32f3xx_hal_tim.o
HAL_TIM_OC_DelayElapsedCallback                   build/stm32f3xx_hal_tim.o
HAL_TIM_OC_GetState                               build/stm32f3xx_hal_tim.o
HAL_TIM_OC_Init                                   build/stm32f3xx_hal_tim.o
HAL_TIM_OC_MspDeInit                              build/stm32f3xx_hal_tim.o
HAL_TIM_OC_MspInit                                build/stm32f3xx_hal_tim.o
HAL_TIM_OC_Start                                  build/stm32f3xx_hal_tim.o
HAL_TIM_OC_Start_DMA                              build/stm32f3xx_hal_tim.o
HAL_TIM_OC_Start_IT                               build/stm32f3xx_hal_tim.o
HAL_TIM_OC_Stop                                   build/stm32f3xx_hal_tim.o
HAL_TIM_OC_Stop_DMA                               build/stm32f3xx_hal_tim.o
HAL_TIM_OC_Stop_IT                                build/stm32f3xx_hal_tim.o
HAL_TIM_OnePulse_ConfigChannel                    build/stm32f3xx_hal_tim.o
HAL_TIM_OnePulse_DeInit                           build/stm32f3xx_hal_tim.o
HAL_TIM_OnePulse_GetState                         build/stm32f3xx_hal_tim.o
HAL_TIM_OnePulse_Init                             build/stm32f3xx_hal_tim.o
HAL_TIM_OnePulse_MspDeInit                        build/stm32f3xx_hal_tim.o
HAL_TIM_OnePulse_MspInit                          build/stm32f3xx_hal_tim.o
HAL_TIM_OnePulse_Start                            build/stm32f3xx_hal_tim.o
HAL_TIM_OnePulse_Start_IT                         build/stm32f3xx_hal_tim.o
HAL_TIM_OnePulse_Stop                             build/stm32f3xx_hal_tim.o
HAL_TIM_OnePulse_Stop_IT                          build/stm32f3xx_hal_tim.o
HAL_TIM_PWM_ConfigChannel                         build/stm32f3xx_hal_tim_ex.o
                                                  build/stm32f3xx_hal_tim.o
                                                  build/tim.o
HAL_TIM_PWM_DeInit                                build/stm32f3xx_hal_tim.o
HAL_TIM_PWM_GetState                              build/stm32f3xx_hal_tim.o
HAL_TIM_PWM_Init                                  build/stm32f3xx_hal_tim.o
                                                  build/tim.o
HAL_TIM_PWM_MspDeInit                             build/tim.o
                                                  build/stm32f3xx_hal_tim.o
HAL_TIM_PWM_MspInit                               build/tim.o
                                                  build/stm32f3xx_hal_tim.o
HAL_TIM_PWM_PulseFinishedCallback                 build/stm32f3xx_hal_tim.o
HAL_TIM_PWM_Start                                 build/stm32f3xx_hal_tim.o
                                                  build/main.o
HAL_TIM_PWM_Start_DMA                             build/stm32f3xx_hal_tim.o
HAL_TIM_PWM_Start_IT                              build/stm32f3xx_hal_tim.o
HAL_TIM_PWM_Stop                                  build/stm32f3xx_hal_tim.o
HAL_TIM_PWM_Stop_DMA                              build/stm32f3xx_hal_tim.o
HAL_TIM_PWM_Stop_IT                               build/stm32f3xx_hal_tim.o
HAL_TIM_PeriodElapsedCallback                     build/stm32f3xx_hal_tim.o
HAL_TIM_ReadCapturedValue                         build/stm32f3xx_hal_tim.o
HAL_TIM_SlaveConfigSynchronization                build/stm32f3xx_hal_tim.o
HAL_TIM_SlaveConfigSynchronization_IT             build/stm32f3xx_hal_tim.o
HAL_TIM_TriggerCallback                           build/stm32f3xx_hal_tim.o
HardFault_Handler                                 build/stm32f3xx_it.o
I2C1_ER_IRQHandler                                build/startup_stm32f303xe.o
I2C1_EV_IRQHandler                                build/startup_stm32f303xe.o
I2C2_ER_IRQHandler                                build/startup_stm32f303xe.o
I2C2_EV_IRQHandler                                build/startup_stm32f303xe.o
I2C3_ER_IRQHandler                                build/startup_stm32f303xe.o
I2C3_EV_IRQHandler                                build/startup_stm32f303xe.o
MX_GPIO_Init                                      build/gpio.o
                                                  build/main.o
MX_TIM2_Init                                      build/tim.o
                                                  build/main.o
MemManage_Handler                                 build/stm32f3xx_it.o
NMI_Handler                                       build/stm32f3xx_it.o
PVD_IRQHandler                                    build/startup_stm32f303xe.o
PendSV_Handler                                    build/stm32f3xx_it.o
RCC_IRQHandler                                    build/startup_stm32f303xe.o
RTC_Alarm_IRQHandler                              build/startup_stm32f303xe.o
RTC_WKUP_IRQHandler                               build/startup_stm32f303xe.o
Reset_Handler                                     build/startup_stm32f303xe.o
SPI1_IRQHandler                                   build/startup_stm32f303xe.o
SPI2_IRQHandler                                   build/startup_stm32f303xe.o
SPI3_IRQHandler                                   build/startup_stm32f303xe.o
SPI4_IRQHandler                                   build/startup_stm32f303xe.o
SVC_Handler                                       build/stm32f3xx_it.o
SysTick_Handler                                   build/stm32f3xx_it.o
SystemClock_Config                                build/main.o
SystemCoreClock                                   build/system_stm32f3xx.o
                                                  build/stm32f3xx_hal_rcc_ex.o
                                                  build/stm32f3xx_hal_rcc.o
                                                  build/stm32f3xx_hal.o
SystemCoreClockUpdate                             build/system_stm32f3xx.o
SystemInit                                        build/system_stm32f3xx.o
                                                  build/startup_stm32f303xe.o
TAMP_STAMP_IRQHandler                             build/startup_stm32f303xe.o
TIM1_BRK_TIM15_IRQHandler                         build/startup_stm32f303xe.o
TIM1_CC_IRQHandler                                build/startup_stm32f303xe.o
TIM1_TRG_COM_TIM17_IRQHandler                     build/startup_stm32f303xe.o
TIM1_UP_TIM16_IRQHandler                          build/startup_stm32f303xe.o
TIM20_BRK_IRQHandler                              build/startup_stm32f303xe.o
TIM20_CC_IRQHandler                               build/startup_stm32f303xe.o
TIM20_TRG_COM_IRQHandler                          build/startup_stm32f303xe.o
TIM20_UP_IRQHandler                               build/startup_stm32f303xe.o
TIM2_IRQHandler                                   build/startup_stm32f303xe.o
TIM3_IRQHandler                                   build/startup_stm32f303xe.o
TIM4_IRQHandler                                   build/startup_stm32f303xe.o
TIM6_DAC_IRQHandler                               build/startup_stm32f303xe.o
TIM7_IRQHandler                                   build/startup_stm32f303xe.o
TIM8_BRK_IRQHandler                               build/startup_stm32f303xe.o
TIM8_CC_IRQHandler                                build/startup_stm32f303xe.o
TIM8_TRG_COM_IRQHandler                           build/startup_stm32f303xe.o
TIM8_UP_IRQHandler                                build/startup_stm32f303xe.o
TIMEx_DMACommutationCplt                          build/stm32f3xx_hal_tim_ex.o
                                                  build/stm32f3xx_hal_tim.o
TIM_Base_SetConfig                                build/stm32f3xx_hal_tim.o
                                                  build/stm32f3xx_hal_tim_ex.o
TIM_CCxChannelCmd                                 build/stm32f3xx_hal_tim.o
                                                  build/stm32f3xx_hal_tim_ex.o
TIM_DMACaptureCplt                                build/stm32f3xx_hal_tim.o
                                                  build/stm32f3xx_hal_tim_ex.o
TIM_DMADelayPulseCplt                             build/stm32f3xx_hal_tim.o
                                                  build/stm32f3xx_hal_tim_ex.o
TIM_DMAError                                      build/stm32f3xx_hal_tim.o
                                                  build/stm32f3xx_hal_tim_ex.o
TIM_ETR_SetConfig                                 build/stm32f3xx_hal_tim.o
                                                  build/stm32f3xx_hal_tim_ex.o
TIM_OC1_SetConfig                                 build/stm32f3xx_hal_tim.o
                                                  build/stm32f3xx_hal_tim_ex.o
TIM_OC2_SetConfig                                 build/stm32f3xx_hal_tim.o
                                                  build/stm32f3xx_hal_tim_ex.o
TIM_OC3_SetConfig                                 build/stm32f3xx_hal_tim.o
                                                  build/stm32f3xx_hal_tim_ex.o
TIM_OC4_SetConfig                                 build/stm32f3xx_hal_tim.o
                                                  build/stm32f3xx_hal_tim_ex.o
TIM_TI1_SetConfig                                 build/stm32f3xx_hal_tim.o
                                                  build/stm32f3xx_hal_tim_ex.o
UART4_IRQHandler                                  build/startup_stm32f303xe.o
UART5_IRQHandler                                  build/startup_stm32f303xe.o
USART1_IRQHandler                                 build/startup_stm32f303xe.o
USART2_IRQHandler                                 build/startup_stm32f303xe.o
USART3_IRQHandler                                 build/startup_stm32f303xe.o
USBWakeUp_IRQHandler                              build/startup_stm32f303xe.o
USBWakeUp_RMP_IRQHandler                          build/startup_stm32f303xe.o
USB_HP_CAN_TX_IRQHandler                          build/startup_stm32f303xe.o
USB_HP_IRQHandler                                 build/startup_stm32f303xe.o
USB_LP_CAN_RX0_IRQHandler                         build/startup_stm32f303xe.o
USB_LP_IRQHandler                                 build/startup_stm32f303xe.o
UsageFault_Handler                                build/stm32f3xx_it.o
WWDG_IRQHandler                                   build/startup_stm32f303xe.o
__bss_end__                                       c:/vsarm/armcc/bin/../lib/gcc/arm-none-eabi/8.2.1/../../../../arm-none-eabi/lib/thumb/v7e-m+fp/hard/crt0.o
__bss_start__                                     c:/vsarm/armcc/bin/../lib/gcc/arm-none-eabi/8.2.1/../../../../arm-none-eabi/lib/thumb/v7e-m+fp/hard/crt0.o
__call_exitprocs                                  c:/vsarm/armcc/bin/../lib/gcc/arm-none-eabi/8.2.1/../../../../arm-none-eabi/lib/thumb/v7e-m+fp/hard\libc_nano.a(lib_a-exit.o)
__deregister_frame_info                           c:/vsarm/armcc/bin/../lib/gcc/arm-none-eabi/8.2.1/thumb/v7e-m+fp/hard/crtbegin.o
__dso_handle                                      c:/vsarm/armcc/bin/../lib/gcc/arm-none-eabi/8.2.1/thumb/v7e-m+fp/hard/crtbegin.o
__init_array_end                                  c:/vsarm/armcc/bin/../lib/gcc/arm-none-eabi/8.2.1/../../../../arm-none-eabi/lib/thumb/v7e-m+fp/hard\libc_nano.a(lib_a-init.o)
__init_array_start                                c:/vsarm/armcc/bin/../lib/gcc/arm-none-eabi/8.2.1/../../../../arm-none-eabi/lib/thumb/v7e-m+fp/hard\libc_nano.a(lib_a-init.o)
__libc_fini_array                                 c:/vsarm/armcc/bin/../lib/gcc/arm-none-eabi/8.2.1/../../../../arm-none-eabi/lib/thumb/v7e-m+fp/hard/crt0.o
__libc_init_array                                 c:/vsarm/armcc/bin/../lib/gcc/arm-none-eabi/8.2.1/../../../../arm-none-eabi/lib/thumb/v7e-m+fp/hard\libc_nano.a(lib_a-init.o)
                                                  build/startup_stm32f303xe.o
                                                  c:/vsarm/armcc/bin/../lib/gcc/arm-none-eabi/8.2.1/../../../../arm-none-eabi/lib/thumb/v7e-m+fp/hard/crt0.o
__preinit_array_end                               c:/vsarm/armcc/bin/../lib/gcc/arm-none-eabi/8.2.1/../../../../arm-none-eabi/lib/thumb/v7e-m+fp/hard\libc_nano.a(lib_a-init.o)
__preinit_array_start                             c:/vsarm/armcc/bin/../lib/gcc/arm-none-eabi/8.2.1/../../../../arm-none-eabi/lib/thumb/v7e-m+fp/hard\libc_nano.a(lib_a-init.o)
__register_frame_info                             c:/vsarm/armcc/bin/../lib/gcc/arm-none-eabi/8.2.1/thumb/v7e-m+fp/hard/crtbegin.o
__sf_fake_stderr                                  c:/vsarm/armcc/bin/../lib/gcc/arm-none-eabi/8.2.1/../../../../arm-none-eabi/lib/thumb/v7e-m+fp/hard\libc_nano.a(lib_a-impure.o)
__sf_fake_stdin                                   c:/vsarm/armcc/bin/../lib/gcc/arm-none-eabi/8.2.1/../../../../arm-none-eabi/lib/thumb/v7e-m+fp/hard\libc_nano.a(lib_a-impure.o)
__sf_fake_stdout                                  c:/vsarm/armcc/bin/../lib/gcc/arm-none-eabi/8.2.1/../../../../arm-none-eabi/lib/thumb/v7e-m+fp/hard\libc_nano.a(lib_a-impure.o)
__stack                                           c:/vsarm/armcc/bin/../lib/gcc/arm-none-eabi/8.2.1/../../../../arm-none-eabi/lib/thumb/v7e-m+fp/hard/crt0.o
_ebss                                             build/startup_stm32f303xe.o
_edata                                            build/startup_stm32f303xe.o
_estack                                           build/startup_stm32f303xe.o
_exit                                             c:/vsarm/armcc/bin/../lib/gcc/arm-none-eabi/8.2.1/../../../../arm-none-eabi/lib/thumb/v7e-m+fp/hard\libnosys.a(_exit.o)
                                                  c:/vsarm/armcc/bin/../lib/gcc/arm-none-eabi/8.2.1/../../../../arm-none-eabi/lib/thumb/v7e-m+fp/hard\libc_nano.a(lib_a-exit.o)
_fini                                             c:/vsarm/armcc/bin/../lib/gcc/arm-none-eabi/8.2.1/thumb/v7e-m+fp/hard/crti.o
_global_impure_ptr                                c:/vsarm/armcc/bin/../lib/gcc/arm-none-eabi/8.2.1/../../../../arm-none-eabi/lib/thumb/v7e-m+fp/hard\libc_nano.a(lib_a-impure.o)
                                                  c:/vsarm/armcc/bin/../lib/gcc/arm-none-eabi/8.2.1/../../../../arm-none-eabi/lib/thumb/v7e-m+fp/hard\libc_nano.a(lib_a-exit.o)
_impure_ptr                                       c:/vsarm/armcc/bin/../lib/gcc/arm-none-eabi/8.2.1/../../../../arm-none-eabi/lib/thumb/v7e-m+fp/hard\libc_nano.a(lib_a-impure.o)
_init                                             c:/vsarm/armcc/bin/../lib/gcc/arm-none-eabi/8.2.1/thumb/v7e-m+fp/hard/crti.o
                                                  c:/vsarm/armcc/bin/../lib/gcc/arm-none-eabi/8.2.1/../../../../arm-none-eabi/lib/thumb/v7e-m+fp/hard\libc_nano.a(lib_a-init.o)
_mainCRTStartup                                   c:/vsarm/armcc/bin/../lib/gcc/arm-none-eabi/8.2.1/../../../../arm-none-eabi/lib/thumb/v7e-m+fp/hard/crt0.o
_sbss                                             build/startup_stm32f303xe.o
_sdata                                            build/startup_stm32f303xe.o
_sidata                                           build/startup_stm32f303xe.o
_start                                            c:/vsarm/armcc/bin/../lib/gcc/arm-none-eabi/8.2.1/../../../../arm-none-eabi/lib/thumb/v7e-m+fp/hard/crt0.o
aPLLMULFactorTable                                build/stm32f3xx_hal_rcc.o
aPredivFactorTable                                build/stm32f3xx_hal_rcc.o
atexit                                            c:/vsarm/armcc/bin/../lib/gcc/arm-none-eabi/8.2.1/../../../../arm-none-eabi/lib/thumb/v7e-m+fp/hard/crt0.o
exit                                              c:/vsarm/armcc/bin/../lib/gcc/arm-none-eabi/8.2.1/../../../../arm-none-eabi/lib/thumb/v7e-m+fp/hard\libc_nano.a(lib_a-exit.o)
                                                  c:/vsarm/armcc/bin/../lib/gcc/arm-none-eabi/8.2.1/../../../../arm-none-eabi/lib/thumb/v7e-m+fp/hard/crt0.o
g_pfnVectors                                      build/startup_stm32f303xe.o
hardware_init_hook                                c:/vsarm/armcc/bin/../lib/gcc/arm-none-eabi/8.2.1/../../../../arm-none-eabi/lib/thumb/v7e-m+fp/hard/crt0.o
htim2                                             build/tim.o
                                                  build/main.o
main                                              build/main.o
                                                  build/startup_stm32f303xe.o
                                                  c:/vsarm/armcc/bin/../lib/gcc/arm-none-eabi/8.2.1/../../../../arm-none-eabi/lib/thumb/v7e-m+fp/hard/crt0.o
memset                                            c:/vsarm/armcc/bin/../lib/gcc/arm-none-eabi/8.2.1/../../../../arm-none-eabi/lib/thumb/v7e-m+fp/hard\libc_nano.a(lib_a-memset.o)
                                                  build/main.o
                                                  c:/vsarm/armcc/bin/../lib/gcc/arm-none-eabi/8.2.1/../../../../arm-none-eabi/lib/thumb/v7e-m+fp/hard/crt0.o
pFlash                                            build/stm32f3xx_hal_flash.o
                                                  build/stm32f3xx_hal_flash_ex.o
software_init_hook                                c:/vsarm/armcc/bin/../lib/gcc/arm-none-eabi/8.2.1/../../../../arm-none-eabi/lib/thumb/v7e-m+fp/hard/crt0.o
uwTick                                            build/stm32f3xx_hal.o
uwTickFreq                                        build/stm32f3xx_hal.o
uwTickPrio                                        build/stm32f3xx_hal.o
