Archive member included to satisfy reference by file (symbol)

c:/vsarm/armcc/bin/../lib/gcc/arm-none-eabi/8.2.1/../../../../arm-none-eabi/lib/thumb/v7e-m+fp/hard\libc_nano.a(lib_a-exit.o)
                              c:/vsarm/armcc/bin/../lib/gcc/arm-none-eabi/8.2.1/../../../../arm-none-eabi/lib/thumb/v7e-m+fp/hard/crt0.o (exit)
c:/vsarm/armcc/bin/../lib/gcc/arm-none-eabi/8.2.1/../../../../arm-none-eabi/lib/thumb/v7e-m+fp/hard\libc_nano.a(lib_a-impure.o)
                              c:/vsarm/armcc/bin/../lib/gcc/arm-none-eabi/8.2.1/../../../../arm-none-eabi/lib/thumb/v7e-m+fp/hard\libc_nano.a(lib_a-exit.o) (_global_impure_ptr)
c:/vsarm/armcc/bin/../lib/gcc/arm-none-eabi/8.2.1/../../../../arm-none-eabi/lib/thumb/v7e-m+fp/hard\libc_nano.a(lib_a-init.o)
                              c:/vsarm/armcc/bin/../lib/gcc/arm-none-eabi/8.2.1/../../../../arm-none-eabi/lib/thumb/v7e-m+fp/hard/crt0.o (__libc_init_array)
c:/vsarm/armcc/bin/../lib/gcc/arm-none-eabi/8.2.1/../../../../arm-none-eabi/lib/thumb/v7e-m+fp/hard\libc_nano.a(lib_a-memset.o)
                              c:/vsarm/armcc/bin/../lib/gcc/arm-none-eabi/8.2.1/../../../../arm-none-eabi/lib/thumb/v7e-m+fp/hard/crt0.o (memset)
c:/vsarm/armcc/bin/../lib/gcc/arm-none-eabi/8.2.1/../../../../arm-none-eabi/lib/thumb/v7e-m+fp/hard\libnosys.a(_exit.o)
                              c:/vsarm/armcc/bin/../lib/gcc/arm-none-eabi/8.2.1/../../../../arm-none-eabi/lib/thumb/v7e-m+fp/hard\libc_nano.a(lib_a-exit.o) (_exit)

Allocating common symbols
Common symbol       size              file

uwTick              0x4               build/stm32f3xx_hal.o
pFlash              0x20              build/stm32f3xx_hal_flash.o

Discarded input sections

 .text          0x00000000        0x0 c:/vsarm/armcc/bin/../lib/gcc/arm-none-eabi/8.2.1/thumb/v7e-m+fp/hard/crti.o
 .data          0x00000000        0x0 c:/vsarm/armcc/bin/../lib/gcc/arm-none-eabi/8.2.1/thumb/v7e-m+fp/hard/crti.o
 .bss           0x00000000        0x0 c:/vsarm/armcc/bin/../lib/gcc/arm-none-eabi/8.2.1/thumb/v7e-m+fp/hard/crti.o
 .data          0x00000000        0x4 c:/vsarm/armcc/bin/../lib/gcc/arm-none-eabi/8.2.1/thumb/v7e-m+fp/hard/crtbegin.o
 .text          0x00000000       0x74 c:/vsarm/armcc/bin/../lib/gcc/arm-none-eabi/8.2.1/../../../../arm-none-eabi/lib/thumb/v7e-m+fp/hard/crt0.o
 .data          0x00000000        0x0 c:/vsarm/armcc/bin/../lib/gcc/arm-none-eabi/8.2.1/../../../../arm-none-eabi/lib/thumb/v7e-m+fp/hard/crt0.o
 .bss           0x00000000        0x0 c:/vsarm/armcc/bin/../lib/gcc/arm-none-eabi/8.2.1/../../../../arm-none-eabi/lib/thumb/v7e-m+fp/hard/crt0.o
 .ARM.extab     0x00000000        0x0 c:/vsarm/armcc/bin/../lib/gcc/arm-none-eabi/8.2.1/../../../../arm-none-eabi/lib/thumb/v7e-m+fp/hard/crt0.o
 .ARM.exidx     0x00000000        0x8 c:/vsarm/armcc/bin/../lib/gcc/arm-none-eabi/8.2.1/../../../../arm-none-eabi/lib/thumb/v7e-m+fp/hard/crt0.o
 .ARM.attributes
                0x00000000       0x1c c:/vsarm/armcc/bin/../lib/gcc/arm-none-eabi/8.2.1/../../../../arm-none-eabi/lib/thumb/v7e-m+fp/hard/crt0.o
 .text          0x00000000        0x0 build/main.o
 .data          0x00000000        0x0 build/main.o
 .bss           0x00000000        0x0 build/main.o
 .text.Error_Handler
                0x00000000        0x2 build/main.o
 .text          0x00000000        0x0 build/gpio.o
 .data          0x00000000        0x0 build/gpio.o
 .bss           0x00000000        0x0 build/gpio.o
 .text          0x00000000        0x0 build/stm32f3xx_it.o
 .data          0x00000000        0x0 build/stm32f3xx_it.o
 .bss           0x00000000        0x0 build/stm32f3xx_it.o
 .text          0x00000000        0x0 build/stm32f3xx_hal_msp.o
 .data          0x00000000        0x0 build/stm32f3xx_hal_msp.o
 .bss           0x00000000        0x0 build/stm32f3xx_hal_msp.o
 .text          0x00000000        0x0 build/stm32f3xx_hal_tim.o
 .data          0x00000000        0x0 build/stm32f3xx_hal_tim.o
 .bss           0x00000000        0x0 build/stm32f3xx_hal_tim.o
 .debug_info    0x00000000      0xb07 build/stm32f3xx_hal_tim.o
 .debug_abbrev  0x00000000      0x1b2 build/stm32f3xx_hal_tim.o
 .debug_aranges
                0x00000000       0x18 build/stm32f3xx_hal_tim.o
 .debug_line    0x00000000      0x18c build/stm32f3xx_hal_tim.o
 .debug_str     0x00000000      0x6a0 build/stm32f3xx_hal_tim.o
 .comment       0x00000000       0x76 build/stm32f3xx_hal_tim.o
 .ARM.attributes
                0x00000000       0x39 build/stm32f3xx_hal_tim.o
 .text          0x00000000        0x0 build/stm32f3xx_hal_tim_ex.o
 .data          0x00000000        0x0 build/stm32f3xx_hal_tim_ex.o
 .bss           0x00000000        0x0 build/stm32f3xx_hal_tim_ex.o
 .debug_info    0x00000000      0xb07 build/stm32f3xx_hal_tim_ex.o
 .debug_abbrev  0x00000000      0x1b2 build/stm32f3xx_hal_tim_ex.o
 .debug_aranges
                0x00000000       0x18 build/stm32f3xx_hal_tim_ex.o
 .debug_line    0x00000000      0x18c build/stm32f3xx_hal_tim_ex.o
 .debug_str     0x00000000      0x6a3 build/stm32f3xx_hal_tim_ex.o
 .comment       0x00000000       0x76 build/stm32f3xx_hal_tim_ex.o
 .ARM.attributes
                0x00000000       0x39 build/stm32f3xx_hal_tim_ex.o
 .text          0x00000000        0x0 build/stm32f3xx_hal.o
 .data          0x00000000        0x0 build/stm32f3xx_hal.o
 .bss           0x00000000        0x0 build/stm32f3xx_hal.o
 .text.HAL_MspInit
                0x00000000        0x2 build/stm32f3xx_hal.o
 .text.HAL_MspDeInit
                0x00000000        0x2 build/stm32f3xx_hal.o
 .text.HAL_DeInit
                0x00000000       0x24 build/stm32f3xx_hal.o
 .text.HAL_GetTickPrio
                0x00000000        0xc build/stm32f3xx_hal.o
 .text.HAL_SetTickFreq
                0x00000000       0x24 build/stm32f3xx_hal.o
 .text.HAL_GetTickFreq
                0x00000000        0xc build/stm32f3xx_hal.o
 .text.HAL_SuspendTick
                0x00000000       0x10 build/stm32f3xx_hal.o
 .text.HAL_ResumeTick
                0x00000000       0x10 build/stm32f3xx_hal.o
 .text.HAL_GetHalVersion
                0x00000000        0x8 build/stm32f3xx_hal.o
 .text.HAL_GetREVID
                0x00000000        0xc build/stm32f3xx_hal.o
 .text.HAL_GetDEVID
                0x00000000       0x10 build/stm32f3xx_hal.o
 .text.HAL_GetUIDw0
                0x00000000        0xc build/stm32f3xx_hal.o
 .text.HAL_GetUIDw1
                0x00000000        0xc build/stm32f3xx_hal.o
 .text.HAL_GetUIDw2
                0x00000000        0xc build/stm32f3xx_hal.o
 .text.HAL_DBGMCU_EnableDBGSleepMode
                0x00000000       0x10 build/stm32f3xx_hal.o
 .text.HAL_DBGMCU_DisableDBGSleepMode
                0x00000000       0x10 build/stm32f3xx_hal.o
 .text.HAL_DBGMCU_EnableDBGStopMode
                0x00000000       0x10 build/stm32f3xx_hal.o
 .text.HAL_DBGMCU_DisableDBGStopMode
                0x00000000       0x10 build/stm32f3xx_hal.o
 .text.HAL_DBGMCU_EnableDBGStandbyMode
                0x00000000       0x10 build/stm32f3xx_hal.o
 .text.HAL_DBGMCU_DisableDBGStandbyMode
                0x00000000       0x10 build/stm32f3xx_hal.o
 .text          0x00000000        0x0 build/stm32f3xx_hal_rcc.o
 .data          0x00000000        0x0 build/stm32f3xx_hal_rcc.o
 .bss           0x00000000        0x0 build/stm32f3xx_hal_rcc.o
 .text.HAL_RCC_DeInit
                0x00000000       0xec build/stm32f3xx_hal_rcc.o
 .text.HAL_RCC_MCOConfig
                0x00000000       0x50 build/stm32f3xx_hal_rcc.o
 .text.HAL_RCC_EnableCSS
                0x00000000       0x1c build/stm32f3xx_hal_rcc.o
 .text.HAL_RCC_DisableCSS
                0x00000000       0x1c build/stm32f3xx_hal_rcc.o
 .text.HAL_RCC_GetHCLKFreq
                0x00000000        0xc build/stm32f3xx_hal_rcc.o
 .text.HAL_RCC_GetPCLK1Freq
                0x00000000       0x2c build/stm32f3xx_hal_rcc.o
 .text.HAL_RCC_GetPCLK2Freq
                0x00000000       0x2c build/stm32f3xx_hal_rcc.o
 .text.HAL_RCC_GetOscConfig
                0x00000000       0xc0 build/stm32f3xx_hal_rcc.o
 .text.HAL_RCC_GetClockConfig
                0x00000000       0x3c build/stm32f3xx_hal_rcc.o
 .text.HAL_RCC_CSSCallback
                0x00000000        0x2 build/stm32f3xx_hal_rcc.o
 .text.HAL_RCC_NMI_IRQHandler
                0x00000000       0x24 build/stm32f3xx_hal_rcc.o
 .text          0x00000000        0x0 build/stm32f3xx_hal_rcc_ex.o
 .data          0x00000000        0x0 build/stm32f3xx_hal_rcc_ex.o
 .bss           0x00000000        0x0 build/stm32f3xx_hal_rcc_ex.o
 .text.RCC_GetPLLCLKFreq
                0x00000000       0x40 build/stm32f3xx_hal_rcc_ex.o
 .text.HAL_RCCEx_PeriphCLKConfig
                0x00000000      0x2fc build/stm32f3xx_hal_rcc_ex.o
 .text.HAL_RCCEx_GetPeriphCLKConfig
                0x00000000      0x130 build/stm32f3xx_hal_rcc_ex.o
 .text.HAL_RCCEx_GetPeriphCLKFreq
                0x00000000      0x584 build/stm32f3xx_hal_rcc_ex.o
 .rodata        0x00000000       0x20 build/stm32f3xx_hal_rcc_ex.o
 .debug_info    0x00000000     0x134f build/stm32f3xx_hal_rcc_ex.o
 .debug_abbrev  0x00000000      0x385 build/stm32f3xx_hal_rcc_ex.o
 .debug_loc     0x00000000      0xdda build/stm32f3xx_hal_rcc_ex.o
 .debug_aranges
                0x00000000       0x38 build/stm32f3xx_hal_rcc_ex.o
 .debug_ranges  0x00000000       0x40 build/stm32f3xx_hal_rcc_ex.o
 .debug_line    0x00000000      0xe29 build/stm32f3xx_hal_rcc_ex.o
 .debug_str     0x00000000      0xa82 build/stm32f3xx_hal_rcc_ex.o
 .comment       0x00000000       0x76 build/stm32f3xx_hal_rcc_ex.o
 .debug_frame   0x00000000       0x8c build/stm32f3xx_hal_rcc_ex.o
 .ARM.attributes
                0x00000000       0x34 build/stm32f3xx_hal_rcc_ex.o
 .text          0x00000000        0x0 build/stm32f3xx_hal_gpio.o
 .data          0x00000000        0x0 build/stm32f3xx_hal_gpio.o
 .bss           0x00000000        0x0 build/stm32f3xx_hal_gpio.o
 .text.HAL_GPIO_DeInit
                0x00000000      0x120 build/stm32f3xx_hal_gpio.o
 .text.HAL_GPIO_ReadPin
                0x00000000        0xe build/stm32f3xx_hal_gpio.o
 .text.HAL_GPIO_LockPin
                0x00000000       0x2e build/stm32f3xx_hal_gpio.o
 .text.HAL_GPIO_EXTI_Callback
                0x00000000        0x2 build/stm32f3xx_hal_gpio.o
 .text.HAL_GPIO_EXTI_IRQHandler
                0x00000000       0x1c build/stm32f3xx_hal_gpio.o
 .text          0x00000000        0x0 build/stm32f3xx_hal_dma.o
 .data          0x00000000        0x0 build/stm32f3xx_hal_dma.o
 .bss           0x00000000        0x0 build/stm32f3xx_hal_dma.o
 .text.DMA_SetConfig
                0x00000000       0x2c build/stm32f3xx_hal_dma.o
 .text.DMA_CalcBaseAndBitshift
                0x00000000       0x4c build/stm32f3xx_hal_dma.o
 .text.HAL_DMA_Init
                0x00000000       0x50 build/stm32f3xx_hal_dma.o
 .text.HAL_DMA_DeInit
                0x00000000       0x4a build/stm32f3xx_hal_dma.o
 .text.HAL_DMA_Start
                0x00000000       0x50 build/stm32f3xx_hal_dma.o
 .text.HAL_DMA_Start_IT
                0x00000000       0x74 build/stm32f3xx_hal_dma.o
 .text.HAL_DMA_Abort
                0x00000000       0x2e build/stm32f3xx_hal_dma.o
 .text.HAL_DMA_Abort_IT
                0x00000000       0x4a build/stm32f3xx_hal_dma.o
 .text.HAL_DMA_PollForTransfer
                0x00000000       0xc2 build/stm32f3xx_hal_dma.o
 .text.HAL_DMA_IRQHandler
                0x00000000       0xb4 build/stm32f3xx_hal_dma.o
 .text.HAL_DMA_RegisterCallback
                0x00000000       0x4e build/stm32f3xx_hal_dma.o
 .text.HAL_DMA_UnRegisterCallback
                0x00000000       0x5c build/stm32f3xx_hal_dma.o
 .text.HAL_DMA_GetState
                0x00000000        0x6 build/stm32f3xx_hal_dma.o
 .text.HAL_DMA_GetError
                0x00000000        0x4 build/stm32f3xx_hal_dma.o
 .debug_info    0x00000000     0x1374 build/stm32f3xx_hal_dma.o
 .debug_abbrev  0x00000000      0x327 build/stm32f3xx_hal_dma.o
 .debug_loc     0x00000000      0xa1e build/stm32f3xx_hal_dma.o
 .debug_aranges
                0x00000000       0x88 build/stm32f3xx_hal_dma.o
 .debug_ranges  0x00000000       0x78 build/stm32f3xx_hal_dma.o
 .debug_line    0x00000000      0x9ff build/stm32f3xx_hal_dma.o
 .debug_str     0x00000000      0xafe build/stm32f3xx_hal_dma.o
 .comment       0x00000000       0x76 build/stm32f3xx_hal_dma.o
 .debug_frame   0x00000000      0x190 build/stm32f3xx_hal_dma.o
 .ARM.attributes
                0x00000000       0x34 build/stm32f3xx_hal_dma.o
 .text          0x00000000        0x0 build/stm32f3xx_hal_cortex.o
 .data          0x00000000        0x0 build/stm32f3xx_hal_cortex.o
 .bss           0x00000000        0x0 build/stm32f3xx_hal_cortex.o
 .text.HAL_NVIC_EnableIRQ
                0x00000000       0x18 build/stm32f3xx_hal_cortex.o
 .text.HAL_NVIC_DisableIRQ
                0x00000000       0x18 build/stm32f3xx_hal_cortex.o
 .text.HAL_NVIC_SystemReset
                0x00000000       0x24 build/stm32f3xx_hal_cortex.o
 .text.HAL_MPU_Disable
                0x00000000       0x1c build/stm32f3xx_hal_cortex.o
 .text.HAL_MPU_Enable
                0x00000000       0x1c build/stm32f3xx_hal_cortex.o
 .text.HAL_MPU_ConfigRegion
                0x00000000       0x54 build/stm32f3xx_hal_cortex.o
 .text.HAL_NVIC_GetPriorityGrouping
                0x00000000       0x10 build/stm32f3xx_hal_cortex.o
 .text.HAL_NVIC_GetPriority
                0x00000000       0x60 build/stm32f3xx_hal_cortex.o
 .text.HAL_NVIC_SetPendingIRQ
                0x00000000       0x18 build/stm32f3xx_hal_cortex.o
 .text.HAL_NVIC_GetPendingIRQ
                0x00000000       0x1c build/stm32f3xx_hal_cortex.o
 .text.HAL_NVIC_ClearPendingIRQ
                0x00000000       0x18 build/stm32f3xx_hal_cortex.o
 .text.HAL_NVIC_GetActive
                0x00000000       0x1c build/stm32f3xx_hal_cortex.o
 .text.HAL_SYSTICK_CLKSourceConfig
                0x00000000       0x20 build/stm32f3xx_hal_cortex.o
 .text.HAL_SYSTICK_Callback
                0x00000000        0x2 build/stm32f3xx_hal_cortex.o
 .text.HAL_SYSTICK_IRQHandler
                0x00000000        0x8 build/stm32f3xx_hal_cortex.o
 .text          0x00000000        0x0 build/stm32f3xx_hal_pwr.o
 .data          0x00000000        0x0 build/stm32f3xx_hal_pwr.o
 .bss           0x00000000        0x0 build/stm32f3xx_hal_pwr.o
 .text.HAL_PWR_DeInit
                0x00000000       0x18 build/stm32f3xx_hal_pwr.o
 .text.HAL_PWR_EnableBkUpAccess
                0x00000000       0x10 build/stm32f3xx_hal_pwr.o
 .text.HAL_PWR_DisableBkUpAccess
                0x00000000       0x10 build/stm32f3xx_hal_pwr.o
 .text.HAL_PWR_EnableWakeUpPin
                0x00000000       0x10 build/stm32f3xx_hal_pwr.o
 .text.HAL_PWR_DisableWakeUpPin
                0x00000000       0x10 build/stm32f3xx_hal_pwr.o
 .text.HAL_PWR_EnterSLEEPMode
                0x00000000       0x20 build/stm32f3xx_hal_pwr.o
 .text.HAL_PWR_EnterSTOPMode
                0x00000000       0x38 build/stm32f3xx_hal_pwr.o
 .text.HAL_PWR_EnterSTANDBYMode
                0x00000000       0x20 build/stm32f3xx_hal_pwr.o
 .text.HAL_PWR_EnableSleepOnExit
                0x00000000       0x10 build/stm32f3xx_hal_pwr.o
 .text.HAL_PWR_DisableSleepOnExit
                0x00000000       0x10 build/stm32f3xx_hal_pwr.o
 .text.HAL_PWR_EnableSEVOnPend
                0x00000000       0x10 build/stm32f3xx_hal_pwr.o
 .text.HAL_PWR_DisableSEVOnPend
                0x00000000       0x10 build/stm32f3xx_hal_pwr.o
 .debug_info    0x00000000     0x10a9 build/stm32f3xx_hal_pwr.o
 .debug_abbrev  0x00000000      0x279 build/stm32f3xx_hal_pwr.o
 .debug_loc     0x00000000       0x9f build/stm32f3xx_hal_pwr.o
 .debug_aranges
                0x00000000       0x78 build/stm32f3xx_hal_pwr.o
 .debug_ranges  0x00000000       0x68 build/stm32f3xx_hal_pwr.o
 .debug_line    0x00000000      0x3fe build/stm32f3xx_hal_pwr.o
 .debug_str     0x00000000      0x8bf build/stm32f3xx_hal_pwr.o
 .comment       0x00000000       0x76 build/stm32f3xx_hal_pwr.o
 .debug_frame   0x00000000       0xd0 build/stm32f3xx_hal_pwr.o
 .ARM.attributes
                0x00000000       0x34 build/stm32f3xx_hal_pwr.o
 .text          0x00000000        0x0 build/stm32f3xx_hal_pwr_ex.o
 .data          0x00000000        0x0 build/stm32f3xx_hal_pwr_ex.o
 .bss           0x00000000        0x0 build/stm32f3xx_hal_pwr_ex.o
 .text.HAL_PWR_ConfigPVD
                0x00000000       0x84 build/stm32f3xx_hal_pwr_ex.o
 .text.HAL_PWR_EnablePVD
                0x00000000       0x10 build/stm32f3xx_hal_pwr_ex.o
 .text.HAL_PWR_DisablePVD
                0x00000000       0x10 build/stm32f3xx_hal_pwr_ex.o
 .text.HAL_PWR_PVDCallback
                0x00000000        0x2 build/stm32f3xx_hal_pwr_ex.o
 .text.HAL_PWR_PVD_IRQHandler
                0x00000000       0x20 build/stm32f3xx_hal_pwr_ex.o
 .debug_info    0x00000000      0xd26 build/stm32f3xx_hal_pwr_ex.o
 .debug_abbrev  0x00000000      0x240 build/stm32f3xx_hal_pwr_ex.o
 .debug_loc     0x00000000       0x20 build/stm32f3xx_hal_pwr_ex.o
 .debug_aranges
                0x00000000       0x40 build/stm32f3xx_hal_pwr_ex.o
 .debug_ranges  0x00000000       0x30 build/stm32f3xx_hal_pwr_ex.o
 .debug_line    0x00000000      0x2bf build/stm32f3xx_hal_pwr_ex.o
 .debug_str     0x00000000      0x78d build/stm32f3xx_hal_pwr_ex.o
 .comment       0x00000000       0x76 build/stm32f3xx_hal_pwr_ex.o
 .debug_frame   0x00000000       0x6c build/stm32f3xx_hal_pwr_ex.o
 .ARM.attributes
                0x00000000       0x34 build/stm32f3xx_hal_pwr_ex.o
 .text          0x00000000        0x0 build/stm32f3xx_hal_flash.o
 .data          0x00000000        0x0 build/stm32f3xx_hal_flash.o
 .bss           0x00000000        0x0 build/stm32f3xx_hal_flash.o
 .text.FLASH_Program_HalfWord
                0x00000000       0x1c build/stm32f3xx_hal_flash.o
 .text.FLASH_SetErrorCode
                0x00000000       0x40 build/stm32f3xx_hal_flash.o
 .text.HAL_FLASH_Program_IT
                0x00000000       0x64 build/stm32f3xx_hal_flash.o
 .text.HAL_FLASH_EndOfOperationCallback
                0x00000000        0x2 build/stm32f3xx_hal_flash.o
 .text.HAL_FLASH_OperationErrorCallback
                0x00000000        0x2 build/stm32f3xx_hal_flash.o
 .text.HAL_FLASH_IRQHandler
                0x00000000      0x154 build/stm32f3xx_hal_flash.o
 .text.HAL_FLASH_Unlock
                0x00000000       0x34 build/stm32f3xx_hal_flash.o
 .text.HAL_FLASH_Lock
                0x00000000       0x14 build/stm32f3xx_hal_flash.o
 .text.HAL_FLASH_OB_Unlock
                0x00000000       0x28 build/stm32f3xx_hal_flash.o
 .text.HAL_FLASH_OB_Lock
                0x00000000       0x14 build/stm32f3xx_hal_flash.o
 .text.HAL_FLASH_GetError
                0x00000000        0xc build/stm32f3xx_hal_flash.o
 .text.FLASH_WaitForLastOperation
                0x00000000       0x60 build/stm32f3xx_hal_flash.o
 .text.HAL_FLASH_Program
                0x00000000       0x9c build/stm32f3xx_hal_flash.o
 .text.HAL_FLASH_OB_Launch
                0x00000000       0x1c build/stm32f3xx_hal_flash.o
 .debug_info    0x00000000     0x1161 build/stm32f3xx_hal_flash.o
 .debug_abbrev  0x00000000      0x376 build/stm32f3xx_hal_flash.o
 .debug_loc     0x00000000      0x454 build/stm32f3xx_hal_flash.o
 .debug_aranges
                0x00000000       0x88 build/stm32f3xx_hal_flash.o
 .debug_ranges  0x00000000       0x78 build/stm32f3xx_hal_flash.o
 .debug_line    0x00000000      0x6ee build/stm32f3xx_hal_flash.o
 .debug_str     0x00000000      0x9f1 build/stm32f3xx_hal_flash.o
 .comment       0x00000000       0x76 build/stm32f3xx_hal_flash.o
 .debug_frame   0x00000000      0x150 build/stm32f3xx_hal_flash.o
 .ARM.attributes
                0x00000000       0x34 build/stm32f3xx_hal_flash.o
 COMMON         0x00000000       0x20 build/stm32f3xx_hal_flash.o
 .text          0x00000000        0x0 build/stm32f3xx_hal_flash_ex.o
 .data          0x00000000        0x0 build/stm32f3xx_hal_flash_ex.o
 .bss           0x00000000        0x0 build/stm32f3xx_hal_flash_ex.o
 .text.FLASH_MassErase
                0x00000000       0x24 build/stm32f3xx_hal_flash_ex.o
 .text.FLASH_OB_GetWRP
                0x00000000        0xc build/stm32f3xx_hal_flash_ex.o
 .text.FLASH_OB_GetRDP
                0x00000000       0x20 build/stm32f3xx_hal_flash_ex.o
 .text.FLASH_OB_RDP_LevelConfig
                0x00000000       0x70 build/stm32f3xx_hal_flash_ex.o
 .text.FLASH_OB_UserConfig
                0x00000000       0x4c build/stm32f3xx_hal_flash_ex.o
 .text.FLASH_OB_ProgramData
                0x00000000       0x48 build/stm32f3xx_hal_flash_ex.o
 .text.FLASH_OB_GetUser
                0x00000000       0x20 build/stm32f3xx_hal_flash_ex.o
 .text.HAL_FLASHEx_OBErase
                0x00000000       0x58 build/stm32f3xx_hal_flash_ex.o
 .text.FLASH_OB_EnableWRP
                0x00000000       0xc0 build/stm32f3xx_hal_flash_ex.o
 .text.FLASH_OB_DisableWRP
                0x00000000       0xc0 build/stm32f3xx_hal_flash_ex.o
 .text.HAL_FLASHEx_OBProgram
                0x00000000       0xa8 build/stm32f3xx_hal_flash_ex.o
 .text.HAL_FLASHEx_OBGetConfig
                0x00000000       0x1c build/stm32f3xx_hal_flash_ex.o
 .text.HAL_FLASHEx_OBGetUserData
                0x00000000       0x40 build/stm32f3xx_hal_flash_ex.o
 .text.FLASH_PageErase
                0x00000000       0x24 build/stm32f3xx_hal_flash_ex.o
 .text.HAL_FLASHEx_Erase
                0x00000000       0xa4 build/stm32f3xx_hal_flash_ex.o
 .text.HAL_FLASHEx_Erase_IT
                0x00000000       0x58 build/stm32f3xx_hal_flash_ex.o
 .debug_info    0x00000000     0x168e build/stm32f3xx_hal_flash_ex.o
 .debug_abbrev  0x00000000      0x3fc build/stm32f3xx_hal_flash_ex.o
 .debug_loc     0x00000000      0xb84 build/stm32f3xx_hal_flash_ex.o
 .debug_aranges
                0x00000000       0x98 build/stm32f3xx_hal_flash_ex.o
 .debug_ranges  0x00000000       0x88 build/stm32f3xx_hal_flash_ex.o
 .debug_line    0x00000000      0x998 build/stm32f3xx_hal_flash_ex.o
 .debug_str     0x00000000      0xb21 build/stm32f3xx_hal_flash_ex.o
 .comment       0x00000000       0x76 build/stm32f3xx_hal_flash_ex.o
 .debug_frame   0x00000000      0x1c8 build/stm32f3xx_hal_flash_ex.o
 .ARM.attributes
                0x00000000       0x34 build/stm32f3xx_hal_flash_ex.o
 .text          0x00000000        0x0 build/stm32f3xx_hal_i2c.o
 .data          0x00000000        0x0 build/stm32f3xx_hal_i2c.o
 .bss           0x00000000        0x0 build/stm32f3xx_hal_i2c.o
 .text.I2C_Flush_TXDR
                0x00000000       0x22 build/stm32f3xx_hal_i2c.o
 .text.I2C_DMASlaveTransmitCplt
                0x00000000        0x2 build/stm32f3xx_hal_i2c.o
 .text.I2C_DMASlaveReceiveCplt
                0x00000000        0x2 build/stm32f3xx_hal_i2c.o
 .text.I2C_TransferConfig
                0x00000000       0x36 build/stm32f3xx_hal_i2c.o
 .text.I2C_Enable_IRQ
                0x00000000       0x84 build/stm32f3xx_hal_i2c.o
 .text.I2C_Disable_IRQ
                0x00000000       0x7e build/stm32f3xx_hal_i2c.o
 .text.I2C_IsAcknowledgeFailed
                0x00000000       0x82 build/stm32f3xx_hal_i2c.o
 .text.I2C_WaitOnTXISFlagUntilTimeout
                0x00000000       0x54 build/stm32f3xx_hal_i2c.o
 .text.I2C_WaitOnFlagUntilTimeout
                0x00000000       0x48 build/stm32f3xx_hal_i2c.o
 .text.I2C_RequestMemoryWrite
                0x00000000       0x88 build/stm32f3xx_hal_i2c.o
 .text.I2C_RequestMemoryRead
                0x00000000       0x84 build/stm32f3xx_hal_i2c.o
 .text.I2C_WaitOnSTOPFlagUntilTimeout
                0x00000000       0x4e build/stm32f3xx_hal_i2c.o
 .text.I2C_WaitOnRXNEFlagUntilTimeout
                0x00000000       0x96 build/stm32f3xx_hal_i2c.o
 .text.I2C_DMAMasterTransmitCplt
                0x00000000       0x4e build/stm32f3xx_hal_i2c.o
 .text.I2C_DMAMasterReceiveCplt
                0x00000000       0x4e build/stm32f3xx_hal_i2c.o
 .text.HAL_I2C_MspInit
                0x00000000        0x2 build/stm32f3xx_hal_i2c.o
 .text.HAL_I2C_Init
                0x00000000       0xbc build/stm32f3xx_hal_i2c.o
 .text.HAL_I2C_MspDeInit
                0x00000000        0x2 build/stm32f3xx_hal_i2c.o
 .text.HAL_I2C_DeInit
                0x00000000       0x32 build/stm32f3xx_hal_i2c.o
 .text.HAL_I2C_Master_Transmit
                0x00000000      0x190 build/stm32f3xx_hal_i2c.o
 .text.HAL_I2C_Master_Receive
                0x00000000      0x190 build/stm32f3xx_hal_i2c.o
 .text.HAL_I2C_Slave_Transmit
                0x00000000      0x18e build/stm32f3xx_hal_i2c.o
 .text.HAL_I2C_Slave_Receive
                0x00000000      0x17c build/stm32f3xx_hal_i2c.o
 .text.HAL_I2C_Master_Transmit_IT
                0x00000000       0x98 build/stm32f3xx_hal_i2c.o
 .text.HAL_I2C_Master_Receive_IT
                0x00000000       0x98 build/stm32f3xx_hal_i2c.o
 .text.HAL_I2C_Slave_Transmit_IT
                0x00000000       0x64 build/stm32f3xx_hal_i2c.o
 .text.HAL_I2C_Slave_Receive_IT
                0x00000000       0x64 build/stm32f3xx_hal_i2c.o
 .text.HAL_I2C_Master_Transmit_DMA
                0x00000000      0x10c build/stm32f3xx_hal_i2c.o
 .text.HAL_I2C_Master_Receive_DMA
                0x00000000      0x108 build/stm32f3xx_hal_i2c.o
 .text.HAL_I2C_Slave_Transmit_DMA
                0x00000000       0xa8 build/stm32f3xx_hal_i2c.o
 .text.HAL_I2C_Slave_Receive_DMA
                0x00000000       0xac build/stm32f3xx_hal_i2c.o
 .text.HAL_I2C_Mem_Write
                0x00000000      0x1d2 build/stm32f3xx_hal_i2c.o
 .text.HAL_I2C_Mem_Read
                0x00000000      0x1d0 build/stm32f3xx_hal_i2c.o
 .text.HAL_I2C_Mem_Write_IT
                0x00000000       0xec build/stm32f3xx_hal_i2c.o
 .text.HAL_I2C_Mem_Read_IT
                0x00000000       0xf4 build/stm32f3xx_hal_i2c.o
 .text.HAL_I2C_Mem_Write_DMA
                0x00000000      0x12c build/stm32f3xx_hal_i2c.o
 .text.HAL_I2C_Mem_Read_DMA
                0x00000000      0x130 build/stm32f3xx_hal_i2c.o
 .text.HAL_I2C_IsDeviceReady
                0x00000000      0x15c build/stm32f3xx_hal_i2c.o
 .text.HAL_I2C_Master_Sequential_Transmit_IT
                0x00000000       0x8c build/stm32f3xx_hal_i2c.o
 .text.HAL_I2C_Master_Sequential_Receive_IT
                0x00000000       0x8c build/stm32f3xx_hal_i2c.o
 .text.HAL_I2C_Slave_Sequential_Transmit_IT
                0x00000000       0xa0 build/stm32f3xx_hal_i2c.o
 .text.HAL_I2C_Slave_Sequential_Receive_IT
                0x00000000       0xa0 build/stm32f3xx_hal_i2c.o
 .text.HAL_I2C_EnableListen_IT
                0x00000000       0x28 build/stm32f3xx_hal_i2c.o
 .text.HAL_I2C_DisableListen_IT
                0x00000000       0x38 build/stm32f3xx_hal_i2c.o
 .text.HAL_I2C_Master_Abort_IT
                0x00000000       0x68 build/stm32f3xx_hal_i2c.o
 .text.HAL_I2C_EV_IRQHandler
                0x00000000       0x10 build/stm32f3xx_hal_i2c.o
 .text.HAL_I2C_MasterTxCpltCallback
                0x00000000        0x2 build/stm32f3xx_hal_i2c.o
 .text.HAL_I2C_MasterRxCpltCallback
                0x00000000        0x2 build/stm32f3xx_hal_i2c.o
 .text.I2C_ITMasterSequentialCplt
                0x00000000       0x54 build/stm32f3xx_hal_i2c.o
 .text.HAL_I2C_SlaveTxCpltCallback
                0x00000000        0x2 build/stm32f3xx_hal_i2c.o
 .text.HAL_I2C_SlaveRxCpltCallback
                0x00000000        0x2 build/stm32f3xx_hal_i2c.o
 .text.I2C_ITSlaveSequentialCplt
                0x00000000       0x5c build/stm32f3xx_hal_i2c.o
 .text.HAL_I2C_AddrCallback
                0x00000000        0x2 build/stm32f3xx_hal_i2c.o
 .text.I2C_ITAddrCplt
                0x00000000       0x9c build/stm32f3xx_hal_i2c.o
 .text.HAL_I2C_ListenCpltCallback
                0x00000000        0x2 build/stm32f3xx_hal_i2c.o
 .text.I2C_ITListenCplt
                0x00000000       0x64 build/stm32f3xx_hal_i2c.o
 .text.HAL_I2C_MemTxCpltCallback
                0x00000000        0x2 build/stm32f3xx_hal_i2c.o
 .text.HAL_I2C_MemRxCpltCallback
                0x00000000        0x2 build/stm32f3xx_hal_i2c.o
 .text.HAL_I2C_ErrorCallback
                0x00000000        0x2 build/stm32f3xx_hal_i2c.o
 .text.HAL_I2C_AbortCpltCallback
                0x00000000        0x2 build/stm32f3xx_hal_i2c.o
 .text.I2C_ITError
                0x00000000      0x100 build/stm32f3xx_hal_i2c.o
 .text.I2C_ITSlaveCplt
                0x00000000      0x124 build/stm32f3xx_hal_i2c.o
 .text.I2C_Slave_ISR_IT
                0x00000000      0x14a build/stm32f3xx_hal_i2c.o
 .text.I2C_Slave_ISR_DMA
                0x00000000       0x90 build/stm32f3xx_hal_i2c.o
 .text.I2C_ITMasterCplt
                0x00000000       0xe2 build/stm32f3xx_hal_i2c.o
 .text.I2C_Master_ISR_IT
                0x00000000      0x174 build/stm32f3xx_hal_i2c.o
 .text.I2C_Master_ISR_DMA
                0x00000000       0xe2 build/stm32f3xx_hal_i2c.o
 .text.I2C_DMAError
                0x00000000       0x16 build/stm32f3xx_hal_i2c.o
 .text.HAL_I2C_ER_IRQHandler
                0x00000000       0x6c build/stm32f3xx_hal_i2c.o
 .text.I2C_DMAAbort
                0x00000000       0x34 build/stm32f3xx_hal_i2c.o
 .text.HAL_I2C_GetState
                0x00000000        0x6 build/stm32f3xx_hal_i2c.o
 .text.HAL_I2C_GetMode
                0x00000000        0x6 build/stm32f3xx_hal_i2c.o
 .text.HAL_I2C_GetError
                0x00000000        0x4 build/stm32f3xx_hal_i2c.o
 .debug_info    0x00000000     0x4257 build/stm32f3xx_hal_i2c.o
 .debug_abbrev  0x00000000      0x376 build/stm32f3xx_hal_i2c.o
 .debug_loc     0x00000000     0x4ca5 build/stm32f3xx_hal_i2c.o
 .debug_aranges
                0x00000000      0x260 build/stm32f3xx_hal_i2c.o
 .debug_ranges  0x00000000      0x250 build/stm32f3xx_hal_i2c.o
 .debug_line    0x00000000     0x39c2 build/stm32f3xx_hal_i2c.o
 .debug_str     0x00000000     0x134b build/stm32f3xx_hal_i2c.o
 .comment       0x00000000       0x76 build/stm32f3xx_hal_i2c.o
 .debug_frame   0x00000000      0x978 build/stm32f3xx_hal_i2c.o
 .ARM.attributes
                0x00000000       0x34 build/stm32f3xx_hal_i2c.o
 .text          0x00000000        0x0 build/stm32f3xx_hal_i2c_ex.o
 .data          0x00000000        0x0 build/stm32f3xx_hal_i2c_ex.o
 .bss           0x00000000        0x0 build/stm32f3xx_hal_i2c_ex.o
 .text.HAL_I2CEx_ConfigAnalogFilter
                0x00000000       0x62 build/stm32f3xx_hal_i2c_ex.o
 .text.HAL_I2CEx_ConfigDigitalFilter
                0x00000000       0x5e build/stm32f3xx_hal_i2c_ex.o
 .text.HAL_I2CEx_EnableWakeUp
                0x00000000       0x54 build/stm32f3xx_hal_i2c_ex.o
 .text.HAL_I2CEx_DisableWakeUp
                0x00000000       0x54 build/stm32f3xx_hal_i2c_ex.o
 .text.HAL_I2CEx_EnableFastModePlus
                0x00000000       0x2c build/stm32f3xx_hal_i2c_ex.o
 .text.HAL_I2CEx_DisableFastModePlus
                0x00000000       0x2c build/stm32f3xx_hal_i2c_ex.o
 .debug_info    0x00000000     0x14ad build/stm32f3xx_hal_i2c_ex.o
 .debug_abbrev  0x00000000      0x2a4 build/stm32f3xx_hal_i2c_ex.o
 .debug_loc     0x00000000      0x2a7 build/stm32f3xx_hal_i2c_ex.o
 .debug_aranges
                0x00000000       0x48 build/stm32f3xx_hal_i2c_ex.o
 .debug_ranges  0x00000000       0x38 build/stm32f3xx_hal_i2c_ex.o
 .debug_line    0x00000000      0x518 build/stm32f3xx_hal_i2c_ex.o
 .debug_str     0x00000000      0xd3b build/stm32f3xx_hal_i2c_ex.o
 .comment       0x00000000       0x76 build/stm32f3xx_hal_i2c_ex.o
 .debug_frame   0x00000000       0x98 build/stm32f3xx_hal_i2c_ex.o
 .ARM.attributes
                0x00000000       0x34 build/stm32f3xx_hal_i2c_ex.o
 .text          0x00000000        0x0 build/system_stm32f3xx.o
 .data          0x00000000        0x0 build/system_stm32f3xx.o
 .bss           0x00000000        0x0 build/system_stm32f3xx.o
 .text.SystemCoreClockUpdate
                0x00000000       0x8c build/system_stm32f3xx.o
 .rodata.APBPrescTable
                0x00000000        0x8 build/system_stm32f3xx.o
 .text          0x00000000       0x14 build/startup_stm32f303xe.o
 .data          0x00000000        0x0 build/startup_stm32f303xe.o
 .bss           0x00000000        0x0 build/startup_stm32f303xe.o
 .text          0x00000000        0x0 c:/vsarm/armcc/bin/../lib/gcc/arm-none-eabi/8.2.1/../../../../arm-none-eabi/lib/thumb/v7e-m+fp/hard\libc_nano.a(lib_a-exit.o)
 .data          0x00000000        0x0 c:/vsarm/armcc/bin/../lib/gcc/arm-none-eabi/8.2.1/../../../../arm-none-eabi/lib/thumb/v7e-m+fp/hard\libc_nano.a(lib_a-exit.o)
 .bss           0x00000000        0x0 c:/vsarm/armcc/bin/../lib/gcc/arm-none-eabi/8.2.1/../../../../arm-none-eabi/lib/thumb/v7e-m+fp/hard\libc_nano.a(lib_a-exit.o)
 .text.exit     0x00000000       0x28 c:/vsarm/armcc/bin/../lib/gcc/arm-none-eabi/8.2.1/../../../../arm-none-eabi/lib/thumb/v7e-m+fp/hard\libc_nano.a(lib_a-exit.o)
 .debug_frame   0x00000000       0x28 c:/vsarm/armcc/bin/../lib/gcc/arm-none-eabi/8.2.1/../../../../arm-none-eabi/lib/thumb/v7e-m+fp/hard\libc_nano.a(lib_a-exit.o)
 .ARM.attributes
                0x00000000       0x34 c:/vsarm/armcc/bin/../lib/gcc/arm-none-eabi/8.2.1/../../../../arm-none-eabi/lib/thumb/v7e-m+fp/hard\libc_nano.a(lib_a-exit.o)
 .text          0x00000000        0x0 c:/vsarm/armcc/bin/../lib/gcc/arm-none-eabi/8.2.1/../../../../arm-none-eabi/lib/thumb/v7e-m+fp/hard\libc_nano.a(lib_a-impure.o)
 .data          0x00000000        0x0 c:/vsarm/armcc/bin/../lib/gcc/arm-none-eabi/8.2.1/../../../../arm-none-eabi/lib/thumb/v7e-m+fp/hard\libc_nano.a(lib_a-impure.o)
 .bss           0x00000000        0x0 c:/vsarm/armcc/bin/../lib/gcc/arm-none-eabi/8.2.1/../../../../arm-none-eabi/lib/thumb/v7e-m+fp/hard\libc_nano.a(lib_a-impure.o)
 .data._impure_ptr
                0x00000000        0x4 c:/vsarm/armcc/bin/../lib/gcc/arm-none-eabi/8.2.1/../../../../arm-none-eabi/lib/thumb/v7e-m+fp/hard\libc_nano.a(lib_a-impure.o)
 .data.impure_data
                0x00000000       0x60 c:/vsarm/armcc/bin/../lib/gcc/arm-none-eabi/8.2.1/../../../../arm-none-eabi/lib/thumb/v7e-m+fp/hard\libc_nano.a(lib_a-impure.o)
 .rodata._global_impure_ptr
                0x00000000        0x4 c:/vsarm/armcc/bin/../lib/gcc/arm-none-eabi/8.2.1/../../../../arm-none-eabi/lib/thumb/v7e-m+fp/hard\libc_nano.a(lib_a-impure.o)
 .ARM.attributes
                0x00000000       0x32 c:/vsarm/armcc/bin/../lib/gcc/arm-none-eabi/8.2.1/../../../../arm-none-eabi/lib/thumb/v7e-m+fp/hard\libc_nano.a(lib_a-impure.o)
 .text          0x00000000        0x0 c:/vsarm/armcc/bin/../lib/gcc/arm-none-eabi/8.2.1/../../../../arm-none-eabi/lib/thumb/v7e-m+fp/hard\libc_nano.a(lib_a-init.o)
 .data          0x00000000        0x0 c:/vsarm/armcc/bin/../lib/gcc/arm-none-eabi/8.2.1/../../../../arm-none-eabi/lib/thumb/v7e-m+fp/hard\libc_nano.a(lib_a-init.o)
 .bss           0x00000000        0x0 c:/vsarm/armcc/bin/../lib/gcc/arm-none-eabi/8.2.1/../../../../arm-none-eabi/lib/thumb/v7e-m+fp/hard\libc_nano.a(lib_a-init.o)
 .text          0x00000000        0x0 c:/vsarm/armcc/bin/../lib/gcc/arm-none-eabi/8.2.1/../../../../arm-none-eabi/lib/thumb/v7e-m+fp/hard\libc_nano.a(lib_a-memset.o)
 .data          0x00000000        0x0 c:/vsarm/armcc/bin/../lib/gcc/arm-none-eabi/8.2.1/../../../../arm-none-eabi/lib/thumb/v7e-m+fp/hard\libc_nano.a(lib_a-memset.o)
 .bss           0x00000000        0x0 c:/vsarm/armcc/bin/../lib/gcc/arm-none-eabi/8.2.1/../../../../arm-none-eabi/lib/thumb/v7e-m+fp/hard\libc_nano.a(lib_a-memset.o)
 .text          0x00000000        0x0 c:/vsarm/armcc/bin/../lib/gcc/arm-none-eabi/8.2.1/../../../../arm-none-eabi/lib/thumb/v7e-m+fp/hard\libnosys.a(_exit.o)
 .data          0x00000000        0x0 c:/vsarm/armcc/bin/../lib/gcc/arm-none-eabi/8.2.1/../../../../arm-none-eabi/lib/thumb/v7e-m+fp/hard\libnosys.a(_exit.o)
 .bss           0x00000000        0x0 c:/vsarm/armcc/bin/../lib/gcc/arm-none-eabi/8.2.1/../../../../arm-none-eabi/lib/thumb/v7e-m+fp/hard\libnosys.a(_exit.o)
 .text._exit    0x00000000        0x4 c:/vsarm/armcc/bin/../lib/gcc/arm-none-eabi/8.2.1/../../../../arm-none-eabi/lib/thumb/v7e-m+fp/hard\libnosys.a(_exit.o)
 .debug_frame   0x00000000       0x20 c:/vsarm/armcc/bin/../lib/gcc/arm-none-eabi/8.2.1/../../../../arm-none-eabi/lib/thumb/v7e-m+fp/hard\libnosys.a(_exit.o)
 .ARM.attributes
                0x00000000       0x34 c:/vsarm/armcc/bin/../lib/gcc/arm-none-eabi/8.2.1/../../../../arm-none-eabi/lib/thumb/v7e-m+fp/hard\libnosys.a(_exit.o)
 .text          0x00000000        0x0 c:/vsarm/armcc/bin/../lib/gcc/arm-none-eabi/8.2.1/thumb/v7e-m+fp/hard/crtend.o
 .data          0x00000000        0x0 c:/vsarm/armcc/bin/../lib/gcc/arm-none-eabi/8.2.1/thumb/v7e-m+fp/hard/crtend.o
 .bss           0x00000000        0x0 c:/vsarm/armcc/bin/../lib/gcc/arm-none-eabi/8.2.1/thumb/v7e-m+fp/hard/crtend.o
 .eh_frame      0x00000000        0x4 c:/vsarm/armcc/bin/../lib/gcc/arm-none-eabi/8.2.1/thumb/v7e-m+fp/hard/crtend.o
 .ARM.attributes
                0x00000000       0x32 c:/vsarm/armcc/bin/../lib/gcc/arm-none-eabi/8.2.1/thumb/v7e-m+fp/hard/crtend.o
 .text          0x00000000        0x0 c:/vsarm/armcc/bin/../lib/gcc/arm-none-eabi/8.2.1/thumb/v7e-m+fp/hard/crtn.o
 .data          0x00000000        0x0 c:/vsarm/armcc/bin/../lib/gcc/arm-none-eabi/8.2.1/thumb/v7e-m+fp/hard/crtn.o
 .bss           0x00000000        0x0 c:/vsarm/armcc/bin/../lib/gcc/arm-none-eabi/8.2.1/thumb/v7e-m+fp/hard/crtn.o

Memory Configuration

Name             Origin             Length             Attributes
RAM              0x20000000         0x00010000         xrw
CCMRAM           0x10000000         0x00004000         rw
FLASH            0x08000000         0x00080000         xr
*default*        0x00000000         0xffffffff

Linker script and memory map

LOAD c:/vsarm/armcc/bin/../lib/gcc/arm-none-eabi/8.2.1/thumb/v7e-m+fp/hard/crti.o
LOAD c:/vsarm/armcc/bin/../lib/gcc/arm-none-eabi/8.2.1/thumb/v7e-m+fp/hard/crtbegin.o
LOAD c:/vsarm/armcc/bin/../lib/gcc/arm-none-eabi/8.2.1/../../../../arm-none-eabi/lib/thumb/v7e-m+fp/hard/crt0.o
LOAD build/main.o
LOAD build/gpio.o
LOAD build/stm32f3xx_it.o
LOAD build/stm32f3xx_hal_msp.o
LOAD build/stm32f3xx_hal_tim.o
LOAD build/stm32f3xx_hal_tim_ex.o
LOAD build/stm32f3xx_hal.o
LOAD build/stm32f3xx_hal_rcc.o
LOAD build/stm32f3xx_hal_rcc_ex.o
LOAD build/stm32f3xx_hal_gpio.o
LOAD build/stm32f3xx_hal_dma.o
LOAD build/stm32f3xx_hal_cortex.o
LOAD build/stm32f3xx_hal_pwr.o
LOAD build/stm32f3xx_hal_pwr_ex.o
LOAD build/stm32f3xx_hal_flash.o
LOAD build/stm32f3xx_hal_flash_ex.o
LOAD build/stm32f3xx_hal_i2c.o
LOAD build/stm32f3xx_hal_i2c_ex.o
LOAD build/system_stm32f3xx.o
LOAD build/startup_stm32f303xe.o
LOAD c:/vsarm/armcc/bin/../lib/gcc/arm-none-eabi/8.2.1/../../../../arm-none-eabi/lib/thumb/v7e-m+fp/hard\libc_nano.a
LOAD c:/vsarm/armcc/bin/../lib/gcc/arm-none-eabi/8.2.1/../../../../arm-none-eabi/lib/thumb/v7e-m+fp/hard\libm.a
LOAD c:/vsarm/armcc/bin/../lib/gcc/arm-none-eabi/8.2.1/../../../../arm-none-eabi/lib/thumb/v7e-m+fp/hard\libnosys.a
START GROUP
LOAD c:/vsarm/armcc/bin/../lib/gcc/arm-none-eabi/8.2.1/thumb/v7e-m+fp/hard\libgcc.a
LOAD c:/vsarm/armcc/bin/../lib/gcc/arm-none-eabi/8.2.1/../../../../arm-none-eabi/lib/thumb/v7e-m+fp/hard\libc_nano.a
END GROUP
START GROUP
LOAD c:/vsarm/armcc/bin/../lib/gcc/arm-none-eabi/8.2.1/thumb/v7e-m+fp/hard\libgcc.a
LOAD c:/vsarm/armcc/bin/../lib/gcc/arm-none-eabi/8.2.1/../../../../arm-none-eabi/lib/thumb/v7e-m+fp/hard\libc_nano.a
END GROUP
LOAD c:/vsarm/armcc/bin/../lib/gcc/arm-none-eabi/8.2.1/thumb/v7e-m+fp/hard/crtend.o
LOAD c:/vsarm/armcc/bin/../lib/gcc/arm-none-eabi/8.2.1/thumb/v7e-m+fp/hard/crtn.o
                0x20010000                _estack = 0x20010000
                0x00000200                _Min_Heap_Size = 0x200
                0x00000400                _Min_Stack_Size = 0x400

.isr_vector     0x08000000      0x194
                0x08000000                . = ALIGN (0x4)
 *(.isr_vector)
 .isr_vector    0x08000000      0x194 build/startup_stm32f303xe.o
                0x08000000                g_pfnVectors
                0x08000194                . = ALIGN (0x4)

.text           0x08000194      0xdc8
                0x08000194                . = ALIGN (0x4)
 *(.text)
 .text          0x08000194       0x40 c:/vsarm/armcc/bin/../lib/gcc/arm-none-eabi/8.2.1/thumb/v7e-m+fp/hard/crtbegin.o
 *(.text*)
 .text.SystemClock_Config
                0x080001d4       0x46 build/main.o
                0x080001d4                SystemClock_Config
 .text.main     0x0800021a       0x22 build/main.o
                0x0800021a                main
 .text.MX_GPIO_Init
                0x0800023c       0x60 build/gpio.o
                0x0800023c                MX_GPIO_Init
 .text.NMI_Handler
                0x0800029c        0x2 build/stm32f3xx_it.o
                0x0800029c                NMI_Handler
 .text.HardFault_Handler
                0x0800029e        0x2 build/stm32f3xx_it.o
                0x0800029e                HardFault_Handler
 .text.MemManage_Handler
                0x080002a0        0x2 build/stm32f3xx_it.o
                0x080002a0                MemManage_Handler
 .text.BusFault_Handler
                0x080002a2        0x2 build/stm32f3xx_it.o
                0x080002a2                BusFault_Handler
 .text.UsageFault_Handler
                0x080002a4        0x2 build/stm32f3xx_it.o
                0x080002a4                UsageFault_Handler
 .text.SVC_Handler
                0x080002a6        0x2 build/stm32f3xx_it.o
                0x080002a6                SVC_Handler
 .text.DebugMon_Handler
                0x080002a8        0x2 build/stm32f3xx_it.o
                0x080002a8                DebugMon_Handler
 .text.PendSV_Handler
                0x080002aa        0x2 build/stm32f3xx_it.o
                0x080002aa                PendSV_Handler
 .text.SysTick_Handler
                0x080002ac        0x8 build/stm32f3xx_it.o
                0x080002ac                SysTick_Handler
 .text.HAL_MspInit
                0x080002b4       0x30 build/stm32f3xx_hal_msp.o
                0x080002b4                HAL_MspInit
 .text.HAL_InitTick
                0x080002e4       0x4c build/stm32f3xx_hal.o
                0x080002e4                HAL_InitTick
 .text.HAL_Init
                0x08000330       0x24 build/stm32f3xx_hal.o
                0x08000330                HAL_Init
 .text.HAL_IncTick
                0x08000354       0x18 build/stm32f3xx_hal.o
                0x08000354                HAL_IncTick
 .text.HAL_GetTick
                0x0800036c        0xc build/stm32f3xx_hal.o
                0x0800036c                HAL_GetTick
 .text.HAL_Delay
                0x08000378       0x28 build/stm32f3xx_hal.o
                0x08000378                HAL_Delay
 .text.HAL_RCC_OscConfig
                0x080003a0      0x608 build/stm32f3xx_hal_rcc.o
                0x080003a0                HAL_RCC_OscConfig
 .text.HAL_RCC_GetSysClockFreq
                0x080009a8       0x70 build/stm32f3xx_hal_rcc.o
                0x080009a8                HAL_RCC_GetSysClockFreq
 .text.HAL_RCC_ClockConfig
                0x08000a18      0x1a0 build/stm32f3xx_hal_rcc.o
                0x08000a18                HAL_RCC_ClockConfig
 .text.HAL_GPIO_Init
                0x08000bb8      0x1ac build/stm32f3xx_hal_gpio.o
                0x08000bb8                HAL_GPIO_Init
 .text.HAL_GPIO_WritePin
                0x08000d64        0xa build/stm32f3xx_hal_gpio.o
                0x08000d64                HAL_GPIO_WritePin
 .text.HAL_GPIO_TogglePin
                0x08000d6e        0x8 build/stm32f3xx_hal_gpio.o
                0x08000d6e                HAL_GPIO_TogglePin
 *fill*         0x08000d76        0x2 
 .text.HAL_NVIC_SetPriorityGrouping
                0x08000d78       0x24 build/stm32f3xx_hal_cortex.o
                0x08000d78                HAL_NVIC_SetPriorityGrouping
 .text.HAL_NVIC_SetPriority
                0x08000d9c       0x68 build/stm32f3xx_hal_cortex.o
                0x08000d9c                HAL_NVIC_SetPriority
 .text.HAL_SYSTICK_Config
                0x08000e04       0x2c build/stm32f3xx_hal_cortex.o
                0x08000e04                HAL_SYSTICK_Config
 .text.SystemInit
                0x08000e30       0x68 build/system_stm32f3xx.o
                0x08000e30                SystemInit
 .text.Reset_Handler
                0x08000e98       0x50 build/startup_stm32f303xe.o
                0x08000e98                Reset_Handler
 .text.Default_Handler
                0x08000ee8        0x2 build/startup_stm32f303xe.o
                0x08000ee8                RTC_Alarm_IRQHandler
                0x08000ee8                TIM8_TRG_COM_IRQHandler
                0x08000ee8                TIM8_CC_IRQHandler
                0x08000ee8                SPI4_IRQHandler
                0x08000ee8                TIM1_CC_IRQHandler
                0x08000ee8                USB_HP_IRQHandler
                0x08000ee8                PVD_IRQHandler
                0x08000ee8                TAMP_STAMP_IRQHandler
                0x08000ee8                EXTI3_IRQHandler
                0x08000ee8                I2C3_ER_IRQHandler
                0x08000ee8                USB_HP_CAN_TX_IRQHandler
                0x08000ee8                EXTI0_IRQHandler
                0x08000ee8                I2C2_EV_IRQHandler
                0x08000ee8                FPU_IRQHandler
                0x08000ee8                TIM1_UP_TIM16_IRQHandler
                0x08000ee8                ADC1_2_IRQHandler
                0x08000ee8                SPI1_IRQHandler
                0x08000ee8                CAN_SCE_IRQHandler
                0x08000ee8                TIM6_DAC_IRQHandler
                0x08000ee8                TIM8_UP_IRQHandler
                0x08000ee8                DMA2_Channel2_IRQHandler
                0x08000ee8                DMA1_Channel4_IRQHandler
                0x08000ee8                TIM20_TRG_COM_IRQHandler
                0x08000ee8                USART3_IRQHandler
                0x08000ee8                DMA1_Channel7_IRQHandler
                0x08000ee8                UART5_IRQHandler
                0x08000ee8                ADC3_IRQHandler
                0x08000ee8                TIM4_IRQHandler
                0x08000ee8                CAN_RX1_IRQHandler
                0x08000ee8                DMA2_Channel1_IRQHandler
                0x08000ee8                I2C1_EV_IRQHandler
                0x08000ee8                DMA1_Channel6_IRQHandler
                0x08000ee8                UART4_IRQHandler
                0x08000ee8                DMA2_Channel4_IRQHandler
                0x08000ee8                TIM3_IRQHandler
                0x08000ee8                RCC_IRQHandler
                0x08000ee8                TIM20_UP_IRQHandler
                0x08000ee8                DMA1_Channel1_IRQHandler
                0x08000ee8                Default_Handler
                0x08000ee8                USBWakeUp_RMP_IRQHandler
                0x08000ee8                EXTI15_10_IRQHandler
                0x08000ee8                TIM7_IRQHandler
                0x08000ee8                I2C3_EV_IRQHandler
                0x08000ee8                EXTI9_5_IRQHandler
                0x08000ee8                RTC_WKUP_IRQHandler
                0x08000ee8                SPI2_IRQHandler
                0x08000ee8                USB_LP_CAN_RX0_IRQHandler
                0x08000ee8                DMA2_Channel5_IRQHandler
                0x08000ee8                DMA1_Channel5_IRQHandler
                0x08000ee8                USB_LP_IRQHandler
                0x08000ee8                EXTI4_IRQHandler
                0x08000ee8                TIM1_TRG_COM_TIM17_IRQHandler
                0x08000ee8                DMA1_Channel3_IRQHandler
                0x08000ee8                ADC4_IRQHandler
                0x08000ee8                WWDG_IRQHandler
                0x08000ee8                TIM2_IRQHandler
                0x08000ee8                COMP7_IRQHandler
                0x08000ee8                COMP1_2_3_IRQHandler
                0x08000ee8                EXTI1_IRQHandler
                0x08000ee8                USART2_IRQHandler
                0x08000ee8                COMP4_5_6_IRQHandler
                0x08000ee8                TIM20_BRK_IRQHandler
                0x08000ee8                I2C2_ER_IRQHandler
                0x08000ee8                DMA1_Channel2_IRQHandler
                0x08000ee8                TIM8_BRK_IRQHandler
                0x08000ee8                FLASH_IRQHandler
                0x08000ee8                TIM20_CC_IRQHandler
                0x08000ee8                USART1_IRQHandler
                0x08000ee8                SPI3_IRQHandler
                0x08000ee8                I2C1_ER_IRQHandler
                0x08000ee8                FMC_IRQHandler
                0x08000ee8                USBWakeUp_IRQHandler
                0x08000ee8                DMA2_Channel3_IRQHandler
                0x08000ee8                EXTI2_TSC_IRQHandler
                0x08000ee8                TIM1_BRK_TIM15_IRQHandler
 *fill*         0x08000eea        0x2 
 .text.__libc_init_array
                0x08000eec       0x48 c:/vsarm/armcc/bin/../lib/gcc/arm-none-eabi/8.2.1/../../../../arm-none-eabi/lib/thumb/v7e-m+fp/hard\libc_nano.a(lib_a-init.o)
                0x08000eec                __libc_init_array
 .text.memset   0x08000f34       0x10 c:/vsarm/armcc/bin/../lib/gcc/arm-none-eabi/8.2.1/../../../../arm-none-eabi/lib/thumb/v7e-m+fp/hard\libc_nano.a(lib_a-memset.o)
                0x08000f34                memset
 *(.glue_7)
 .glue_7        0x08000f44        0x0 linker stubs
 *(.glue_7t)
 .glue_7t       0x08000f44        0x0 linker stubs
 *(.eh_frame)
 .eh_frame      0x08000f44        0x0 c:/vsarm/armcc/bin/../lib/gcc/arm-none-eabi/8.2.1/thumb/v7e-m+fp/hard/crtbegin.o
 *(.init)
 .init          0x08000f44        0x4 c:/vsarm/armcc/bin/../lib/gcc/arm-none-eabi/8.2.1/thumb/v7e-m+fp/hard/crti.o
                0x08000f44                _init
 .init          0x08000f48        0x8 c:/vsarm/armcc/bin/../lib/gcc/arm-none-eabi/8.2.1/thumb/v7e-m+fp/hard/crtn.o
 *(.fini)
 .fini          0x08000f50        0x4 c:/vsarm/armcc/bin/../lib/gcc/arm-none-eabi/8.2.1/thumb/v7e-m+fp/hard/crti.o
                0x08000f50                _fini
 .fini          0x08000f54        0x8 c:/vsarm/armcc/bin/../lib/gcc/arm-none-eabi/8.2.1/thumb/v7e-m+fp/hard/crtn.o
                0x08000f5c                . = ALIGN (0x4)
                0x08000f5c                _etext = .

.vfp11_veneer   0x08000f5c        0x0
 .vfp11_veneer  0x08000f5c        0x0 linker stubs

.v4_bx          0x08000f5c        0x0
 .v4_bx         0x08000f5c        0x0 linker stubs

.iplt           0x08000f5c        0x0
 .iplt          0x08000f5c        0x0 c:/vsarm/armcc/bin/../lib/gcc/arm-none-eabi/8.2.1/thumb/v7e-m+fp/hard/crtbegin.o

.rodata         0x08000f5c       0x30
                0x08000f5c                . = ALIGN (0x4)
 *(.rodata)
 *(.rodata*)
 .rodata.aPLLMULFactorTable
                0x08000f5c       0x10 build/stm32f3xx_hal_rcc.o
                0x08000f5c                aPLLMULFactorTable
 .rodata.aPredivFactorTable
                0x08000f6c       0x10 build/stm32f3xx_hal_rcc.o
                0x08000f6c                aPredivFactorTable
 .rodata.AHBPrescTable
                0x08000f7c       0x10 build/system_stm32f3xx.o
                0x08000f7c                AHBPrescTable
                0x08000f8c                . = ALIGN (0x4)

.rel.dyn        0x08000f8c        0x0
 .rel.iplt      0x08000f8c        0x0 c:/vsarm/armcc/bin/../lib/gcc/arm-none-eabi/8.2.1/thumb/v7e-m+fp/hard/crtbegin.o

.ARM.extab
 *(.ARM.extab* .gnu.linkonce.armextab.*)

.ARM            0x08000f8c        0x0
                0x08000f8c                __exidx_start = .
 *(.ARM.exidx*)
                0x08000f8c                __exidx_end = .

.preinit_array  0x08000f8c        0x0
                0x08000f8c                PROVIDE (__preinit_array_start = .)
 *(.preinit_array*)
                0x08000f8c                PROVIDE (__preinit_array_end = .)

.init_array     0x08000f8c        0x4
                0x08000f8c                PROVIDE (__init_array_start = .)
 *(SORT_BY_NAME(.init_array.*))
 *(.init_array*)
 .init_array    0x08000f8c        0x4 c:/vsarm/armcc/bin/../lib/gcc/arm-none-eabi/8.2.1/thumb/v7e-m+fp/hard/crtbegin.o
                0x08000f90                PROVIDE (__init_array_end = .)

.fini_array     0x08000f90        0x4
                [!provide]                PROVIDE (__fini_array_start = .)
 *(SORT_BY_NAME(.fini_array.*))
 *(.fini_array*)
 .fini_array    0x08000f90        0x4 c:/vsarm/armcc/bin/../lib/gcc/arm-none-eabi/8.2.1/thumb/v7e-m+fp/hard/crtbegin.o
                [!provide]                PROVIDE (__fini_array_end = .)
                0x08000f94                _sidata = LOADADDR (.data)

.data           0x20000000        0xc load address 0x08000f94
                0x20000000                . = ALIGN (0x4)
                0x20000000                _sdata = .
 *(.data)
 *(.data*)
 .data.uwTickFreq
                0x20000000        0x1 build/stm32f3xx_hal.o
                0x20000000                uwTickFreq
 *fill*         0x20000001        0x3 
 .data.uwTickPrio
                0x20000004        0x4 build/stm32f3xx_hal.o
                0x20000004                uwTickPrio
 .data.SystemCoreClock
                0x20000008        0x4 build/system_stm32f3xx.o
                0x20000008                SystemCoreClock
                0x2000000c                . = ALIGN (0x4)
                0x2000000c                _edata = .
                0x08000fa0                _siccmram = LOADADDR (.ccmram)

.igot.plt       0x2000000c        0x0 load address 0x08000fa0
 .igot.plt      0x2000000c        0x0 c:/vsarm/armcc/bin/../lib/gcc/arm-none-eabi/8.2.1/thumb/v7e-m+fp/hard/crtbegin.o

.ccmram         0x10000000        0x0 load address 0x08000fa0
                0x10000000                . = ALIGN (0x4)
                0x10000000                _sccmram = .
 *(.ccmram)
 *(.ccmram*)
                0x10000000                . = ALIGN (0x4)
                0x10000000                _eccmram = .
                0x10000000                . = ALIGN (0x4)

.bss            0x2000000c       0x20
                0x2000000c                _sbss = .
                0x2000000c                __bss_start__ = _sbss
 *(.bss)
 .bss           0x2000000c       0x1c c:/vsarm/armcc/bin/../lib/gcc/arm-none-eabi/8.2.1/thumb/v7e-m+fp/hard/crtbegin.o
 *(.bss*)
 *(COMMON)
 COMMON         0x20000028        0x4 build/stm32f3xx_hal.o
                0x20000028                uwTick
                0x2000002c                . = ALIGN (0x4)
                0x2000002c                _ebss = .
                0x2000002c                __bss_end__ = _ebss

._user_heap_stack
                0x2000002c      0x604
                0x20000030                . = ALIGN (0x8)
 *fill*         0x2000002c        0x4 
                [!provide]                PROVIDE (end = .)
                [!provide]                PROVIDE (_end = .)
                0x20000230                . = (. + _Min_Heap_Size)
 *fill*         0x20000030      0x200 
                0x20000630                . = (. + _Min_Stack_Size)
 *fill*         0x20000230      0x400 
                0x20000630                . = ALIGN (0x8)

/DISCARD/
 libc.a(*)
 libm.a(*)
 libgcc.a(*)

.ARM.attributes
                0x00000000       0x30
 *(.ARM.attributes)
 .ARM.attributes
                0x00000000       0x1e c:/vsarm/armcc/bin/../lib/gcc/arm-none-eabi/8.2.1/thumb/v7e-m+fp/hard/crti.o
 .ARM.attributes
                0x0000001e       0x34 c:/vsarm/armcc/bin/../lib/gcc/arm-none-eabi/8.2.1/thumb/v7e-m+fp/hard/crtbegin.o
 .ARM.attributes
                0x00000052       0x34 build/main.o
 .ARM.attributes
                0x00000086       0x34 build/gpio.o
 .ARM.attributes
                0x000000ba       0x34 build/stm32f3xx_it.o
 .ARM.attributes
                0x000000ee       0x34 build/stm32f3xx_hal_msp.o
 .ARM.attributes
                0x00000122       0x34 build/stm32f3xx_hal.o
 .ARM.attributes
                0x00000156       0x34 build/stm32f3xx_hal_rcc.o
 .ARM.attributes
                0x0000018a       0x34 build/stm32f3xx_hal_gpio.o
 .ARM.attributes
                0x000001be       0x34 build/stm32f3xx_hal_cortex.o
 .ARM.attributes
                0x000001f2       0x34 build/system_stm32f3xx.o
 .ARM.attributes
                0x00000226       0x21 build/startup_stm32f303xe.o
 .ARM.attributes
                0x00000247       0x34 c:/vsarm/armcc/bin/../lib/gcc/arm-none-eabi/8.2.1/../../../../arm-none-eabi/lib/thumb/v7e-m+fp/hard\libc_nano.a(lib_a-init.o)
 .ARM.attributes
                0x0000027b       0x34 c:/vsarm/armcc/bin/../lib/gcc/arm-none-eabi/8.2.1/../../../../arm-none-eabi/lib/thumb/v7e-m+fp/hard\libc_nano.a(lib_a-memset.o)
 .ARM.attributes
                0x000002af       0x1e c:/vsarm/armcc/bin/../lib/gcc/arm-none-eabi/8.2.1/thumb/v7e-m+fp/hard/crtn.o
OUTPUT(build/photoDiodes.elf elf32-littlearm)

.debug_info     0x00000000     0xa82c
 .debug_info    0x00000000      0xecf build/main.o
 .debug_info    0x00000ecf      0xe16 build/gpio.o
 .debug_info    0x00001ce5      0xbf7 build/stm32f3xx_it.o
 .debug_info    0x000028dc      0xc48 build/stm32f3xx_hal_msp.o
 .debug_info    0x00003524     0x135e build/stm32f3xx_hal.o
 .debug_info    0x00004882     0x2306 build/stm32f3xx_hal_rcc.o
 .debug_info    0x00006b88     0x12aa build/stm32f3xx_hal_gpio.o
 .debug_info    0x00007e32     0x1b4d build/stm32f3xx_hal_cortex.o
 .debug_info    0x0000997f      0xe8b build/system_stm32f3xx.o
 .debug_info    0x0000a80a       0x22 build/startup_stm32f303xe.o

.debug_abbrev   0x00000000     0x196e
 .debug_abbrev  0x00000000      0x297 build/main.o
 .debug_abbrev  0x00000297      0x239 build/gpio.o
 .debug_abbrev  0x000004d0      0x20d build/stm32f3xx_it.o
 .debug_abbrev  0x000006dd      0x208 build/stm32f3xx_hal_msp.o
 .debug_abbrev  0x000008e5      0x308 build/stm32f3xx_hal.o
 .debug_abbrev  0x00000bed      0x3eb build/stm32f3xx_hal_rcc.o
 .debug_abbrev  0x00000fd8      0x30a build/stm32f3xx_hal_gpio.o
 .debug_abbrev  0x000012e2      0x444 build/stm32f3xx_hal_cortex.o
 .debug_abbrev  0x00001726      0x236 build/system_stm32f3xx.o
 .debug_abbrev  0x0000195c       0x12 build/startup_stm32f303xe.o

.debug_loc      0x00000000     0x1f3f
 .debug_loc     0x00000000       0x59 build/main.o
 .debug_loc     0x00000059       0x38 build/gpio.o
 .debug_loc     0x00000091       0x20 build/stm32f3xx_it.o
 .debug_loc     0x000000b1       0x2c build/stm32f3xx_hal_msp.o
 .debug_loc     0x000000dd      0x1cc build/stm32f3xx_hal.o
 .debug_loc     0x000002a9      0xf1f build/stm32f3xx_hal_rcc.o
 .debug_loc     0x000011c8      0x4c3 build/stm32f3xx_hal_gpio.o
 .debug_loc     0x0000168b      0x790 build/stm32f3xx_hal_cortex.o
 .debug_loc     0x00001e1b      0x124 build/system_stm32f3xx.o

.debug_aranges  0x00000000      0x388
 .debug_aranges
                0x00000000       0x30 build/main.o
 .debug_aranges
                0x00000030       0x20 build/gpio.o
 .debug_aranges
                0x00000050       0x60 build/stm32f3xx_it.o
 .debug_aranges
                0x000000b0       0x20 build/stm32f3xx_hal_msp.o
 .debug_aranges
                0x000000d0       0xe0 build/stm32f3xx_hal.o
 .debug_aranges
                0x000001b0       0x88 build/stm32f3xx_hal_rcc.o
 .debug_aranges
                0x00000238       0x58 build/stm32f3xx_hal_gpio.o
 .debug_aranges
                0x00000290       0xa8 build/stm32f3xx_hal_cortex.o
 .debug_aranges
                0x00000338       0x28 build/system_stm32f3xx.o
 .debug_aranges
                0x00000360       0x28 build/startup_stm32f303xe.o

.debug_ranges   0x00000000      0x358
 .debug_ranges  0x00000000       0x20 build/main.o
 .debug_ranges  0x00000020       0x10 build/gpio.o
 .debug_ranges  0x00000030       0x50 build/stm32f3xx_it.o
 .debug_ranges  0x00000080       0x10 build/stm32f3xx_hal_msp.o
 .debug_ranges  0x00000090       0xd0 build/stm32f3xx_hal.o
 .debug_ranges  0x00000160       0x98 build/stm32f3xx_hal_rcc.o
 .debug_ranges  0x000001f8       0x48 build/stm32f3xx_hal_gpio.o
 .debug_ranges  0x00000240       0xe0 build/stm32f3xx_hal_cortex.o
 .debug_ranges  0x00000320       0x18 build/system_stm32f3xx.o
 .debug_ranges  0x00000338       0x20 build/startup_stm32f303xe.o

.debug_line     0x00000000     0x30e5
 .debug_line    0x00000000      0x2c9 build/main.o
 .debug_line    0x000002c9      0x213 build/gpio.o
 .debug_line    0x000004dc      0x284 build/stm32f3xx_it.o
 .debug_line    0x00000760      0x1df build/stm32f3xx_hal_msp.o
 .debug_line    0x0000093f      0x518 build/stm32f3xx_hal.o
 .debug_line    0x00000e57     0x1143 build/stm32f3xx_hal_rcc.o
 .debug_line    0x00001f9a      0x6f3 build/stm32f3xx_hal_gpio.o
 .debug_line    0x0000268d      0x711 build/stm32f3xx_hal_cortex.o
 .debug_line    0x00002d9e      0x2d3 build/system_stm32f3xx.o
 .debug_line    0x00003071       0x74 build/startup_stm32f303xe.o

.debug_str      0x00000000     0x18dd
 .debug_str     0x00000000      0x805 build/main.o
                                0x886 (size before relaxing)
 .debug_str     0x00000805       0xdc build/gpio.o
                                0x79f (size before relaxing)
 .debug_str     0x000008e1       0xb4 build/stm32f3xx_it.o
                                0x71f (size before relaxing)
 .debug_str     0x00000995       0x29 build/stm32f3xx_hal_msp.o
                                0x6ee (size before relaxing)
 .debug_str     0x000009be      0x733 build/stm32f3xx_hal.o
                                0xe59 (size before relaxing)
 .debug_str     0x000010f1      0x1dc build/stm32f3xx_hal_rcc.o
                                0xaee (size before relaxing)
 .debug_str     0x000012cd      0x1b9 build/stm32f3xx_hal_gpio.o
                                0x98f (size before relaxing)
 .debug_str     0x00001486      0x3d6 build/stm32f3xx_hal_cortex.o
                               0x1077 (size before relaxing)
 .debug_str     0x0000185c       0x5c build/system_stm32f3xx.o
                                0x778 (size before relaxing)
 .debug_str     0x000018b8       0x25 build/startup_stm32f303xe.o
                                 0x6a (size before relaxing)

.comment        0x00000000       0x75
 .comment       0x00000000       0x75 build/main.o
                                 0x76 (size before relaxing)
 .comment       0x00000075       0x76 build/gpio.o
 .comment       0x00000075       0x76 build/stm32f3xx_it.o
 .comment       0x00000075       0x76 build/stm32f3xx_hal_msp.o
 .comment       0x00000075       0x76 build/stm32f3xx_hal.o
 .comment       0x00000075       0x76 build/stm32f3xx_hal_rcc.o
 .comment       0x00000075       0x76 build/stm32f3xx_hal_gpio.o
 .comment       0x00000075       0x76 build/stm32f3xx_hal_cortex.o
 .comment       0x00000075       0x76 build/system_stm32f3xx.o

.debug_frame    0x00000000      0x7d8
 .debug_frame   0x00000000       0x60 build/main.o
 .debug_frame   0x00000060       0x30 build/gpio.o
 .debug_frame   0x00000090       0xac build/stm32f3xx_it.o
 .debug_frame   0x0000013c       0x28 build/stm32f3xx_hal_msp.o
 .debug_frame   0x00000164      0x1e0 build/stm32f3xx_hal.o
 .debug_frame   0x00000344      0x1a0 build/stm32f3xx_hal_rcc.o
 .debug_frame   0x000004e4      0x10c build/stm32f3xx_hal_gpio.o
 .debug_frame   0x000005f0      0x16c build/stm32f3xx_hal_cortex.o
 .debug_frame   0x0000075c       0x30 build/system_stm32f3xx.o
 .debug_frame   0x0000078c       0x2c c:/vsarm/armcc/bin/../lib/gcc/arm-none-eabi/8.2.1/../../../../arm-none-eabi/lib/thumb/v7e-m+fp/hard\libc_nano.a(lib_a-init.o)
 .debug_frame   0x000007b8       0x20 c:/vsarm/armcc/bin/../lib/gcc/arm-none-eabi/8.2.1/../../../../arm-none-eabi/lib/thumb/v7e-m+fp/hard\libc_nano.a(lib_a-memset.o)

Cross Reference Table

Symbol                                            File
ADC1_2_IRQHandler                                 build/startup_stm32f303xe.o
ADC3_IRQHandler                                   build/startup_stm32f303xe.o
ADC4_IRQHandler                                   build/startup_stm32f303xe.o
AHBPrescTable                                     build/system_stm32f3xx.o
                                                  build/stm32f3xx_hal_rcc.o
APBPrescTable                                     build/system_stm32f3xx.o
                                                  build/stm32f3xx_hal_rcc.o
BusFault_Handler                                  build/stm32f3xx_it.o
CAN_RX1_IRQHandler                                build/startup_stm32f303xe.o
CAN_SCE_IRQHandler                                build/startup_stm32f303xe.o
COMP1_2_3_IRQHandler                              build/startup_stm32f303xe.o
COMP4_5_6_IRQHandler                              build/startup_stm32f303xe.o
COMP7_IRQHandler                                  build/startup_stm32f303xe.o
DMA1_Channel1_IRQHandler                          build/startup_stm32f303xe.o
DMA1_Channel2_IRQHandler                          build/startup_stm32f303xe.o
DMA1_Channel3_IRQHandler                          build/startup_stm32f303xe.o
DMA1_Channel4_IRQHandler                          build/startup_stm32f303xe.o
DMA1_Channel5_IRQHandler                          build/startup_stm32f303xe.o
DMA1_Channel6_IRQHandler                          build/startup_stm32f303xe.o
DMA1_Channel7_IRQHandler                          build/startup_stm32f303xe.o
DMA2_Channel1_IRQHandler                          build/startup_stm32f303xe.o
DMA2_Channel2_IRQHandler                          build/startup_stm32f303xe.o
DMA2_Channel3_IRQHandler                          build/startup_stm32f303xe.o
DMA2_Channel4_IRQHandler                          build/startup_stm32f303xe.o
DMA2_Channel5_IRQHandler                          build/startup_stm32f303xe.o
DebugMon_Handler                                  build/stm32f3xx_it.o
Default_Handler                                   build/startup_stm32f303xe.o
EXTI0_IRQHandler                                  build/startup_stm32f303xe.o
EXTI15_10_IRQHandler                              build/startup_stm32f303xe.o
EXTI1_IRQHandler                                  build/startup_stm32f303xe.o
EXTI2_TSC_IRQHandler                              build/startup_stm32f303xe.o
EXTI3_IRQHandler                                  build/startup_stm32f303xe.o
EXTI4_IRQHandler                                  build/startup_stm32f303xe.o
EXTI9_5_IRQHandler                                build/startup_stm32f303xe.o
Error_Handler                                     build/main.o
FLASH_IRQHandler                                  build/startup_stm32f303xe.o
FLASH_PageErase                                   build/stm32f3xx_hal_flash_ex.o
                                                  build/stm32f3xx_hal_flash.o
FLASH_WaitForLastOperation                        build/stm32f3xx_hal_flash.o
                                                  build/stm32f3xx_hal_flash_ex.o
FMC_IRQHandler                                    build/startup_stm32f303xe.o
FPU_IRQHandler                                    build/startup_stm32f303xe.o
HAL_DBGMCU_DisableDBGSleepMode                    build/stm32f3xx_hal.o
HAL_DBGMCU_DisableDBGStandbyMode                  build/stm32f3xx_hal.o
HAL_DBGMCU_DisableDBGStopMode                     build/stm32f3xx_hal.o
HAL_DBGMCU_EnableDBGSleepMode                     build/stm32f3xx_hal.o
HAL_DBGMCU_EnableDBGStandbyMode                   build/stm32f3xx_hal.o
HAL_DBGMCU_EnableDBGStopMode                      build/stm32f3xx_hal.o
HAL_DMA_Abort                                     build/stm32f3xx_hal_dma.o
HAL_DMA_Abort_IT                                  build/stm32f3xx_hal_dma.o
                                                  build/stm32f3xx_hal_i2c.o
HAL_DMA_DeInit                                    build/stm32f3xx_hal_dma.o
HAL_DMA_GetError                                  build/stm32f3xx_hal_dma.o
HAL_DMA_GetState                                  build/stm32f3xx_hal_dma.o
HAL_DMA_IRQHandler                                build/stm32f3xx_hal_dma.o
HAL_DMA_Init                                      build/stm32f3xx_hal_dma.o
HAL_DMA_PollForTransfer                           build/stm32f3xx_hal_dma.o
HAL_DMA_RegisterCallback                          build/stm32f3xx_hal_dma.o
HAL_DMA_Start                                     build/stm32f3xx_hal_dma.o
HAL_DMA_Start_IT                                  build/stm32f3xx_hal_dma.o
                                                  build/stm32f3xx_hal_i2c.o
HAL_DMA_UnRegisterCallback                        build/stm32f3xx_hal_dma.o
HAL_DeInit                                        build/stm32f3xx_hal.o
HAL_Delay                                         build/stm32f3xx_hal.o
                                                  build/main.o
HAL_FLASHEx_Erase                                 build/stm32f3xx_hal_flash_ex.o
HAL_FLASHEx_Erase_IT                              build/stm32f3xx_hal_flash_ex.o
HAL_FLASHEx_OBErase                               build/stm32f3xx_hal_flash_ex.o
HAL_FLASHEx_OBGetConfig                           build/stm32f3xx_hal_flash_ex.o
HAL_FLASHEx_OBGetUserData                         build/stm32f3xx_hal_flash_ex.o
HAL_FLASHEx_OBProgram                             build/stm32f3xx_hal_flash_ex.o
HAL_FLASH_EndOfOperationCallback                  build/stm32f3xx_hal_flash.o
HAL_FLASH_GetError                                build/stm32f3xx_hal_flash.o
HAL_FLASH_IRQHandler                              build/stm32f3xx_hal_flash.o
HAL_FLASH_Lock                                    build/stm32f3xx_hal_flash.o
HAL_FLASH_OB_Launch                               build/stm32f3xx_hal_flash.o
HAL_FLASH_OB_Lock                                 build/stm32f3xx_hal_flash.o
HAL_FLASH_OB_Unlock                               build/stm32f3xx_hal_flash.o
HAL_FLASH_OperationErrorCallback                  build/stm32f3xx_hal_flash.o
HAL_FLASH_Program                                 build/stm32f3xx_hal_flash.o
HAL_FLASH_Program_IT                              build/stm32f3xx_hal_flash.o
HAL_FLASH_Unlock                                  build/stm32f3xx_hal_flash.o
HAL_GPIO_DeInit                                   build/stm32f3xx_hal_gpio.o
HAL_GPIO_EXTI_Callback                            build/stm32f3xx_hal_gpio.o
HAL_GPIO_EXTI_IRQHandler                          build/stm32f3xx_hal_gpio.o
HAL_GPIO_Init                                     build/stm32f3xx_hal_gpio.o
                                                  build/stm32f3xx_hal_rcc.o
                                                  build/gpio.o
HAL_GPIO_LockPin                                  build/stm32f3xx_hal_gpio.o
HAL_GPIO_ReadPin                                  build/stm32f3xx_hal_gpio.o
HAL_GPIO_TogglePin                                build/stm32f3xx_hal_gpio.o
                                                  build/main.o
HAL_GPIO_WritePin                                 build/stm32f3xx_hal_gpio.o
                                                  build/gpio.o
HAL_GetDEVID                                      build/stm32f3xx_hal.o
HAL_GetHalVersion                                 build/stm32f3xx_hal.o
HAL_GetREVID                                      build/stm32f3xx_hal.o
HAL_GetTick                                       build/stm32f3xx_hal.o
                                                  build/stm32f3xx_hal_i2c.o
                                                  build/stm32f3xx_hal_flash.o
                                                  build/stm32f3xx_hal_dma.o
                                                  build/stm32f3xx_hal_rcc_ex.o
                                                  build/stm32f3xx_hal_rcc.o
HAL_GetTickFreq                                   build/stm32f3xx_hal.o
HAL_GetTickPrio                                   build/stm32f3xx_hal.o
HAL_GetUIDw0                                      build/stm32f3xx_hal.o
HAL_GetUIDw1                                      build/stm32f3xx_hal.o
HAL_GetUIDw2                                      build/stm32f3xx_hal.o
HAL_I2CEx_ConfigAnalogFilter                      build/stm32f3xx_hal_i2c_ex.o
HAL_I2CEx_ConfigDigitalFilter                     build/stm32f3xx_hal_i2c_ex.o
HAL_I2CEx_DisableFastModePlus                     build/stm32f3xx_hal_i2c_ex.o
HAL_I2CEx_DisableWakeUp                           build/stm32f3xx_hal_i2c_ex.o
HAL_I2CEx_EnableFastModePlus                      build/stm32f3xx_hal_i2c_ex.o
HAL_I2CEx_EnableWakeUp                            build/stm32f3xx_hal_i2c_ex.o
HAL_I2C_AbortCpltCallback                         build/stm32f3xx_hal_i2c.o
HAL_I2C_AddrCallback                              build/stm32f3xx_hal_i2c.o
HAL_I2C_DeInit                                    build/stm32f3xx_hal_i2c.o
HAL_I2C_DisableListen_IT                          build/stm32f3xx_hal_i2c.o
HAL_I2C_ER_IRQHandler                             build/stm32f3xx_hal_i2c.o
HAL_I2C_EV_IRQHandler                             build/stm32f3xx_hal_i2c.o
HAL_I2C_EnableListen_IT                           build/stm32f3xx_hal_i2c.o
HAL_I2C_ErrorCallback                             build/stm32f3xx_hal_i2c.o
HAL_I2C_GetError                                  build/stm32f3xx_hal_i2c.o
HAL_I2C_GetMode                                   build/stm32f3xx_hal_i2c.o
HAL_I2C_GetState                                  build/stm32f3xx_hal_i2c.o
HAL_I2C_Init                                      build/stm32f3xx_hal_i2c.o
HAL_I2C_IsDeviceReady                             build/stm32f3xx_hal_i2c.o
HAL_I2C_ListenCpltCallback                        build/stm32f3xx_hal_i2c.o
HAL_I2C_MasterRxCpltCallback                      build/stm32f3xx_hal_i2c.o
HAL_I2C_MasterTxCpltCallback                      build/stm32f3xx_hal_i2c.o
HAL_I2C_Master_Abort_IT                           build/stm32f3xx_hal_i2c.o
HAL_I2C_Master_Receive                            build/stm32f3xx_hal_i2c.o
HAL_I2C_Master_Receive_DMA                        build/stm32f3xx_hal_i2c.o
HAL_I2C_Master_Receive_IT                         build/stm32f3xx_hal_i2c.o
HAL_I2C_Master_Sequential_Receive_IT              build/stm32f3xx_hal_i2c.o
HAL_I2C_Master_Sequential_Transmit_IT             build/stm32f3xx_hal_i2c.o
HAL_I2C_Master_Transmit                           build/stm32f3xx_hal_i2c.o
HAL_I2C_Master_Transmit_DMA                       build/stm32f3xx_hal_i2c.o
HAL_I2C_Master_Transmit_IT                        build/stm32f3xx_hal_i2c.o
HAL_I2C_MemRxCpltCallback                         build/stm32f3xx_hal_i2c.o
HAL_I2C_MemTxCpltCallback                         build/stm32f3xx_hal_i2c.o
HAL_I2C_Mem_Read                                  build/stm32f3xx_hal_i2c.o
HAL_I2C_Mem_Read_DMA                              build/stm32f3xx_hal_i2c.o
HAL_I2C_Mem_Read_IT                               build/stm32f3xx_hal_i2c.o
HAL_I2C_Mem_Write                                 build/stm32f3xx_hal_i2c.o
HAL_I2C_Mem_Write_DMA                             build/stm32f3xx_hal_i2c.o
HAL_I2C_Mem_Write_IT                              build/stm32f3xx_hal_i2c.o
HAL_I2C_MspDeInit                                 build/stm32f3xx_hal_i2c.o
HAL_I2C_MspInit                                   build/stm32f3xx_hal_i2c.o
HAL_I2C_SlaveRxCpltCallback                       build/stm32f3xx_hal_i2c.o
HAL_I2C_SlaveTxCpltCallback                       build/stm32f3xx_hal_i2c.o
HAL_I2C_Slave_Receive                             build/stm32f3xx_hal_i2c.o
HAL_I2C_Slave_Receive_DMA                         build/stm32f3xx_hal_i2c.o
HAL_I2C_Slave_Receive_IT                          build/stm32f3xx_hal_i2c.o
HAL_I2C_Slave_Sequential_Receive_IT               build/stm32f3xx_hal_i2c.o
HAL_I2C_Slave_Sequential_Transmit_IT              build/stm32f3xx_hal_i2c.o
HAL_I2C_Slave_Transmit                            build/stm32f3xx_hal_i2c.o
HAL_I2C_Slave_Transmit_DMA                        build/stm32f3xx_hal_i2c.o
HAL_I2C_Slave_Transmit_IT                         build/stm32f3xx_hal_i2c.o
HAL_IncTick                                       build/stm32f3xx_hal.o
                                                  build/stm32f3xx_it.o
HAL_Init                                          build/stm32f3xx_hal.o
                                                  build/main.o
HAL_InitTick                                      build/stm32f3xx_hal.o
                                                  build/stm32f3xx_hal_rcc.o
HAL_MPU_ConfigRegion                              build/stm32f3xx_hal_cortex.o
HAL_MPU_Disable                                   build/stm32f3xx_hal_cortex.o
HAL_MPU_Enable                                    build/stm32f3xx_hal_cortex.o
HAL_MspDeInit                                     build/stm32f3xx_hal.o
HAL_MspInit                                       build/stm32f3xx_hal_msp.o
HAL_NVIC_ClearPendingIRQ                          build/stm32f3xx_hal_cortex.o
HAL_NVIC_DisableIRQ                               build/stm32f3xx_hal_cortex.o
HAL_NVIC_EnableIRQ                                build/stm32f3xx_hal_cortex.o
HAL_NVIC_GetActive                                build/stm32f3xx_hal_cortex.o
HAL_NVIC_GetPendingIRQ                            build/stm32f3xx_hal_cortex.o
HAL_NVIC_GetPriority                              build/stm32f3xx_hal_cortex.o
HAL_NVIC_GetPriorityGrouping                      build/stm32f3xx_hal_cortex.o
HAL_NVIC_SetPendingIRQ                            build/stm32f3xx_hal_cortex.o
HAL_NVIC_SetPriority                              build/stm32f3xx_hal_cortex.o
                                                  build/stm32f3xx_hal.o
HAL_NVIC_SetPriorityGrouping                      build/stm32f3xx_hal_cortex.o
                                                  build/stm32f3xx_hal.o
HAL_NVIC_SystemReset                              build/stm32f3xx_hal_cortex.o
HAL_PWR_ConfigPVD                                 build/stm32f3xx_hal_pwr_ex.o
HAL_PWR_DeInit                                    build/stm32f3xx_hal_pwr.o
HAL_PWR_DisableBkUpAccess                         build/stm32f3xx_hal_pwr.o
HAL_PWR_DisablePVD                                build/stm32f3xx_hal_pwr_ex.o
HAL_PWR_DisableSEVOnPend                          build/stm32f3xx_hal_pwr.o
HAL_PWR_DisableSleepOnExit                        build/stm32f3xx_hal_pwr.o
HAL_PWR_DisableWakeUpPin                          build/stm32f3xx_hal_pwr.o
HAL_PWR_EnableBkUpAccess                          build/stm32f3xx_hal_pwr.o
HAL_PWR_EnablePVD                                 build/stm32f3xx_hal_pwr_ex.o
HAL_PWR_EnableSEVOnPend                           build/stm32f3xx_hal_pwr.o
HAL_PWR_EnableSleepOnExit                         build/stm32f3xx_hal_pwr.o
HAL_PWR_EnableWakeUpPin                           build/stm32f3xx_hal_pwr.o
HAL_PWR_EnterSLEEPMode                            build/stm32f3xx_hal_pwr.o
HAL_PWR_EnterSTANDBYMode                          build/stm32f3xx_hal_pwr.o
HAL_PWR_EnterSTOPMode                             build/stm32f3xx_hal_pwr.o
HAL_PWR_PVDCallback                               build/stm32f3xx_hal_pwr_ex.o
HAL_PWR_PVD_IRQHandler                            build/stm32f3xx_hal_pwr_ex.o
HAL_RCCEx_GetPeriphCLKConfig                      build/stm32f3xx_hal_rcc_ex.o
HAL_RCCEx_GetPeriphCLKFreq                        build/stm32f3xx_hal_rcc_ex.o
HAL_RCCEx_PeriphCLKConfig                         build/stm32f3xx_hal_rcc_ex.o
HAL_RCC_CSSCallback                               build/stm32f3xx_hal_rcc.o
HAL_RCC_ClockConfig                               build/stm32f3xx_hal_rcc.o
                                                  build/main.o
HAL_RCC_DeInit                                    build/stm32f3xx_hal_rcc.o
HAL_RCC_DisableCSS                                build/stm32f3xx_hal_rcc.o
HAL_RCC_EnableCSS                                 build/stm32f3xx_hal_rcc.o
HAL_RCC_GetClockConfig                            build/stm32f3xx_hal_rcc.o
HAL_RCC_GetHCLKFreq                               build/stm32f3xx_hal_rcc.o
HAL_RCC_GetOscConfig                              build/stm32f3xx_hal_rcc.o
HAL_RCC_GetPCLK1Freq                              build/stm32f3xx_hal_rcc.o
                                                  build/stm32f3xx_hal_rcc_ex.o
HAL_RCC_GetPCLK2Freq                              build/stm32f3xx_hal_rcc.o
                                                  build/stm32f3xx_hal_rcc_ex.o
HAL_RCC_GetSysClockFreq                           build/stm32f3xx_hal_rcc.o
                                                  build/stm32f3xx_hal_rcc_ex.o
HAL_RCC_MCOConfig                                 build/stm32f3xx_hal_rcc.o
HAL_RCC_NMI_IRQHandler                            build/stm32f3xx_hal_rcc.o
HAL_RCC_OscConfig                                 build/stm32f3xx_hal_rcc.o
                                                  build/main.o
HAL_ResumeTick                                    build/stm32f3xx_hal.o
HAL_SYSTICK_CLKSourceConfig                       build/stm32f3xx_hal_cortex.o
HAL_SYSTICK_Callback                              build/stm32f3xx_hal_cortex.o
HAL_SYSTICK_Config                                build/stm32f3xx_hal_cortex.o
                                                  build/stm32f3xx_hal.o
HAL_SYSTICK_IRQHandler                            build/stm32f3xx_hal_cortex.o
HAL_SetTickFreq                                   build/stm32f3xx_hal.o
HAL_SuspendTick                                   build/stm32f3xx_hal.o
HardFault_Handler                                 build/stm32f3xx_it.o
I2C1_ER_IRQHandler                                build/startup_stm32f303xe.o
I2C1_EV_IRQHandler                                build/startup_stm32f303xe.o
I2C2_ER_IRQHandler                                build/startup_stm32f303xe.o
I2C2_EV_IRQHandler                                build/startup_stm32f303xe.o
I2C3_ER_IRQHandler                                build/startup_stm32f303xe.o
I2C3_EV_IRQHandler                                build/startup_stm32f303xe.o
MX_GPIO_Init                                      build/gpio.o
                                                  build/main.o
MemManage_Handler                                 build/stm32f3xx_it.o
NMI_Handler                                       build/stm32f3xx_it.o
PVD_IRQHandler                                    build/startup_stm32f303xe.o
PendSV_Handler                                    build/stm32f3xx_it.o
RCC_IRQHandler                                    build/startup_stm32f303xe.o
RTC_Alarm_IRQHandler                              build/startup_stm32f303xe.o
RTC_WKUP_IRQHandler                               build/startup_stm32f303xe.o
Reset_Handler                                     build/startup_stm32f303xe.o
SPI1_IRQHandler                                   build/startup_stm32f303xe.o
SPI2_IRQHandler                                   build/startup_stm32f303xe.o
SPI3_IRQHandler                                   build/startup_stm32f303xe.o
SPI4_IRQHandler                                   build/startup_stm32f303xe.o
SVC_Handler                                       build/stm32f3xx_it.o
SysTick_Handler                                   build/stm32f3xx_it.o
SystemClock_Config                                build/main.o
SystemCoreClock                                   build/system_stm32f3xx.o
                                                  build/stm32f3xx_hal_rcc_ex.o
                                                  build/stm32f3xx_hal_rcc.o
                                                  build/stm32f3xx_hal.o
SystemCoreClockUpdate                             build/system_stm32f3xx.o
SystemInit                                        build/system_stm32f3xx.o
                                                  build/startup_stm32f303xe.o
TAMP_STAMP_IRQHandler                             build/startup_stm32f303xe.o
TIM1_BRK_TIM15_IRQHandler                         build/startup_stm32f303xe.o
TIM1_CC_IRQHandler                                build/startup_stm32f303xe.o
TIM1_TRG_COM_TIM17_IRQHandler                     build/startup_stm32f303xe.o
TIM1_UP_TIM16_IRQHandler                          build/startup_stm32f303xe.o
TIM20_BRK_IRQHandler                              build/startup_stm32f303xe.o
TIM20_CC_IRQHandler                               build/startup_stm32f303xe.o
TIM20_TRG_COM_IRQHandler                          build/startup_stm32f303xe.o
TIM20_UP_IRQHandler                               build/startup_stm32f303xe.o
TIM2_IRQHandler                                   build/startup_stm32f303xe.o
TIM3_IRQHandler                                   build/startup_stm32f303xe.o
TIM4_IRQHandler                                   build/startup_stm32f303xe.o
TIM6_DAC_IRQHandler                               build/startup_stm32f303xe.o
TIM7_IRQHandler                                   build/startup_stm32f303xe.o
TIM8_BRK_IRQHandler                               build/startup_stm32f303xe.o
TIM8_CC_IRQHandler                                build/startup_stm32f303xe.o
TIM8_TRG_COM_IRQHandler                           build/startup_stm32f303xe.o
TIM8_UP_IRQHandler                                build/startup_stm32f303xe.o
UART4_IRQHandler                                  build/startup_stm32f303xe.o
UART5_IRQHandler                                  build/startup_stm32f303xe.o
USART1_IRQHandler                                 build/startup_stm32f303xe.o
USART2_IRQHandler                                 build/startup_stm32f303xe.o
USART3_IRQHandler                                 build/startup_stm32f303xe.o
USBWakeUp_IRQHandler                              build/startup_stm32f303xe.o
USBWakeUp_RMP_IRQHandler                          build/startup_stm32f303xe.o
USB_HP_CAN_TX_IRQHandler                          build/startup_stm32f303xe.o
USB_HP_IRQHandler                                 build/startup_stm32f303xe.o
USB_LP_CAN_RX0_IRQHandler                         build/startup_stm32f303xe.o
USB_LP_IRQHandler                                 build/startup_stm32f303xe.o
UsageFault_Handler                                build/stm32f3xx_it.o
WWDG_IRQHandler                                   build/startup_stm32f303xe.o
__bss_end__                                       c:/vsarm/armcc/bin/../lib/gcc/arm-none-eabi/8.2.1/../../../../arm-none-eabi/lib/thumb/v7e-m+fp/hard/crt0.o
__bss_start__                                     c:/vsarm/armcc/bin/../lib/gcc/arm-none-eabi/8.2.1/../../../../arm-none-eabi/lib/thumb/v7e-m+fp/hard/crt0.o
__call_exitprocs                                  c:/vsarm/armcc/bin/../lib/gcc/arm-none-eabi/8.2.1/../../../../arm-none-eabi/lib/thumb/v7e-m+fp/hard\libc_nano.a(lib_a-exit.o)
__deregister_frame_info                           c:/vsarm/armcc/bin/../lib/gcc/arm-none-eabi/8.2.1/thumb/v7e-m+fp/hard/crtbegin.o
__dso_handle                                      c:/vsarm/armcc/bin/../lib/gcc/arm-none-eabi/8.2.1/thumb/v7e-m+fp/hard/crtbegin.o
__init_array_end                                  c:/vsarm/armcc/bin/../lib/gcc/arm-none-eabi/8.2.1/../../../../arm-none-eabi/lib/thumb/v7e-m+fp/hard\libc_nano.a(lib_a-init.o)
__init_array_start                                c:/vsarm/armcc/bin/../lib/gcc/arm-none-eabi/8.2.1/../../../../arm-none-eabi/lib/thumb/v7e-m+fp/hard\libc_nano.a(lib_a-init.o)
__libc_fini_array                                 c:/vsarm/armcc/bin/../lib/gcc/arm-none-eabi/8.2.1/../../../../arm-none-eabi/lib/thumb/v7e-m+fp/hard/crt0.o
__libc_init_array                                 c:/vsarm/armcc/bin/../lib/gcc/arm-none-eabi/8.2.1/../../../../arm-none-eabi/lib/thumb/v7e-m+fp/hard\libc_nano.a(lib_a-init.o)
                                                  build/startup_stm32f303xe.o
                                                  c:/vsarm/armcc/bin/../lib/gcc/arm-none-eabi/8.2.1/../../../../arm-none-eabi/lib/thumb/v7e-m+fp/hard/crt0.o
__preinit_array_end                               c:/vsarm/armcc/bin/../lib/gcc/arm-none-eabi/8.2.1/../../../../arm-none-eabi/lib/thumb/v7e-m+fp/hard\libc_nano.a(lib_a-init.o)
__preinit_array_start                             c:/vsarm/armcc/bin/../lib/gcc/arm-none-eabi/8.2.1/../../../../arm-none-eabi/lib/thumb/v7e-m+fp/hard\libc_nano.a(lib_a-init.o)
__register_frame_info                             c:/vsarm/armcc/bin/../lib/gcc/arm-none-eabi/8.2.1/thumb/v7e-m+fp/hard/crtbegin.o
__sf_fake_stderr                                  c:/vsarm/armcc/bin/../lib/gcc/arm-none-eabi/8.2.1/../../../../arm-none-eabi/lib/thumb/v7e-m+fp/hard\libc_nano.a(lib_a-impure.o)
__sf_fake_stdin                                   c:/vsarm/armcc/bin/../lib/gcc/arm-none-eabi/8.2.1/../../../../arm-none-eabi/lib/thumb/v7e-m+fp/hard\libc_nano.a(lib_a-impure.o)
__sf_fake_stdout                                  c:/vsarm/armcc/bin/../lib/gcc/arm-none-eabi/8.2.1/../../../../arm-none-eabi/lib/thumb/v7e-m+fp/hard\libc_nano.a(lib_a-impure.o)
__stack                                           c:/vsarm/armcc/bin/../lib/gcc/arm-none-eabi/8.2.1/../../../../arm-none-eabi/lib/thumb/v7e-m+fp/hard/crt0.o
_ebss                                             build/startup_stm32f303xe.o
_edata                                            build/startup_stm32f303xe.o
_estack                                           build/startup_stm32f303xe.o
_exit                                             c:/vsarm/armcc/bin/../lib/gcc/arm-none-eabi/8.2.1/../../../../arm-none-eabi/lib/thumb/v7e-m+fp/hard\libnosys.a(_exit.o)
                                                  c:/vsarm/armcc/bin/../lib/gcc/arm-none-eabi/8.2.1/../../../../arm-none-eabi/lib/thumb/v7e-m+fp/hard\libc_nano.a(lib_a-exit.o)
_fini                                             c:/vsarm/armcc/bin/../lib/gcc/arm-none-eabi/8.2.1/thumb/v7e-m+fp/hard/crti.o
_global_impure_ptr                                c:/vsarm/armcc/bin/../lib/gcc/arm-none-eabi/8.2.1/../../../../arm-none-eabi/lib/thumb/v7e-m+fp/hard\libc_nano.a(lib_a-impure.o)
                                                  c:/vsarm/armcc/bin/../lib/gcc/arm-none-eabi/8.2.1/../../../../arm-none-eabi/lib/thumb/v7e-m+fp/hard\libc_nano.a(lib_a-exit.o)
_impure_ptr                                       c:/vsarm/armcc/bin/../lib/gcc/arm-none-eabi/8.2.1/../../../../arm-none-eabi/lib/thumb/v7e-m+fp/hard\libc_nano.a(lib_a-impure.o)
_init                                             c:/vsarm/armcc/bin/../lib/gcc/arm-none-eabi/8.2.1/thumb/v7e-m+fp/hard/crti.o
                                                  c:/vsarm/armcc/bin/../lib/gcc/arm-none-eabi/8.2.1/../../../../arm-none-eabi/lib/thumb/v7e-m+fp/hard\libc_nano.a(lib_a-init.o)
_mainCRTStartup                                   c:/vsarm/armcc/bin/../lib/gcc/arm-none-eabi/8.2.1/../../../../arm-none-eabi/lib/thumb/v7e-m+fp/hard/crt0.o
_sbss                                             build/startup_stm32f303xe.o
_sdata                                            build/startup_stm32f303xe.o
_sidata                                           build/startup_stm32f303xe.o
_start                                            c:/vsarm/armcc/bin/../lib/gcc/arm-none-eabi/8.2.1/../../../../arm-none-eabi/lib/thumb/v7e-m+fp/hard/crt0.o
aPLLMULFactorTable                                build/stm32f3xx_hal_rcc.o
aPredivFactorTable                                build/stm32f3xx_hal_rcc.o
atexit                                            c:/vsarm/armcc/bin/../lib/gcc/arm-none-eabi/8.2.1/../../../../arm-none-eabi/lib/thumb/v7e-m+fp/hard/crt0.o
exit                                              c:/vsarm/armcc/bin/../lib/gcc/arm-none-eabi/8.2.1/../../../../arm-none-eabi/lib/thumb/v7e-m+fp/hard\libc_nano.a(lib_a-exit.o)
                                                  c:/vsarm/armcc/bin/../lib/gcc/arm-none-eabi/8.2.1/../../../../arm-none-eabi/lib/thumb/v7e-m+fp/hard/crt0.o
g_pfnVectors                                      build/startup_stm32f303xe.o
hardware_init_hook                                c:/vsarm/armcc/bin/../lib/gcc/arm-none-eabi/8.2.1/../../../../arm-none-eabi/lib/thumb/v7e-m+fp/hard/crt0.o
main                                              build/main.o
                                                  build/startup_stm32f303xe.o
                                                  c:/vsarm/armcc/bin/../lib/gcc/arm-none-eabi/8.2.1/../../../../arm-none-eabi/lib/thumb/v7e-m+fp/hard/crt0.o
memset                                            c:/vsarm/armcc/bin/../lib/gcc/arm-none-eabi/8.2.1/../../../../arm-none-eabi/lib/thumb/v7e-m+fp/hard\libc_nano.a(lib_a-memset.o)
                                                  build/main.o
                                                  c:/vsarm/armcc/bin/../lib/gcc/arm-none-eabi/8.2.1/../../../../arm-none-eabi/lib/thumb/v7e-m+fp/hard/crt0.o
pFlash                                            build/stm32f3xx_hal_flash.o
                                                  build/stm32f3xx_hal_flash_ex.o
software_init_hook                                c:/vsarm/armcc/bin/../lib/gcc/arm-none-eabi/8.2.1/../../../../arm-none-eabi/lib/thumb/v7e-m+fp/hard/crt0.o
uwTick                                            build/stm32f3xx_hal.o
uwTickFreq                                        build/stm32f3xx_hal.o
uwTickPrio                                        build/stm32f3xx_hal.o
